Component: ARM Compiler 5.06 update 5 (build 528) Tool: armlink [4d35e2]

==============================================================================

Section Cross References

    startup_stm32f10x_hd.o(STACK) refers (Special) to heapauxi.o(.text) for __use_two_region_memory
    startup_stm32f10x_hd.o(HEAP) refers (Special) to heapauxi.o(.text) for __use_two_region_memory
    startup_stm32f10x_hd.o(RESET) refers (Special) to heapauxi.o(.text) for __use_two_region_memory
    startup_stm32f10x_hd.o(RESET) refers to startup_stm32f10x_hd.o(STACK) for __initial_sp
    startup_stm32f10x_hd.o(RESET) refers to startup_stm32f10x_hd.o(.text) for Reset_Handler
    startup_stm32f10x_hd.o(RESET) refers to sys.o(i.SysTick_Handler) for SysTick_Handler
    startup_stm32f10x_hd.o(RESET) refers to timer.o(i.TIM2_IRQHandler) for TIM2_IRQHandler
    startup_stm32f10x_hd.o(RESET) refers to timer.o(i.TIM3_IRQHandler) for TIM3_IRQHandler
    startup_stm32f10x_hd.o(RESET) refers to timer.o(i.TIM4_IRQHandler) for TIM4_IRQHandler
    startup_stm32f10x_hd.o(RESET) refers to usart.o(i.USART1_IRQHandler) for USART1_IRQHandler
    startup_stm32f10x_hd.o(RESET) refers to usart.o(i.USART2_IRQHandler) for USART2_IRQHandler
    startup_stm32f10x_hd.o(RESET) refers to usart.o(i.USART3_IRQHandler) for USART3_IRQHandler
    startup_stm32f10x_hd.o(.text) refers (Special) to heapauxi.o(.text) for __use_two_region_memory
    startup_stm32f10x_hd.o(.text) refers to system_stm32f10x.o(i.SystemInit) for SystemInit
    startup_stm32f10x_hd.o(.text) refers to __main.o(!!!main) for __main
    startup_stm32f10x_hd.o(.text) refers to startup_stm32f10x_hd.o(HEAP) for Heap_Mem
    startup_stm32f10x_hd.o(.text) refers to startup_stm32f10x_hd.o(STACK) for Stack_Mem
    system_stm32f10x.o(i.SetSysClock) refers to system_stm32f10x.o(i.SetSysClockTo72) for SetSysClockTo72
    system_stm32f10x.o(i.SystemCoreClockUpdate) refers to system_stm32f10x.o(.data) for SystemCoreClock
    system_stm32f10x.o(i.SystemInit) refers to system_stm32f10x.o(i.SetSysClock) for SetSysClock
    main.o(i.__sti___8_main_cpp_DS18B20) refers to ios.o(i._ZNSt8ios_base4InitC1Ev) for std::ios_base::Init::Init()
    main.o(i.__sti___8_main_cpp_DS18B20) refers to aeabi_atexit.o(.text) for __aeabi_atexit
    main.o(i.__sti___8_main_cpp_DS18B20) refers to main.o(.data) for __rw::__rw_stream_initializer
    main.o(i.__sti___8_main_cpp_DS18B20) refers to ios.o(i._ZNSt8ios_base4InitD1Ev) for std::ios_base::Init::~Init()
    main.o(.ARM.exidx) refers to main.o(i._Z8JTAG_Seth) for i._Z8JTAG_Seth
    main.o(.ARM.exidx) refers to main.o(i.main) for i.main
    main.o(.ARM.exidx) refers to main.o(i.__sti___8_main_cpp_DS18B20) for i.__sti___8_main_cpp_DS18B20
    main.o(.init_array) refers to main.o(i.__sti___8_main_cpp_DS18B20) for __sti___8_main_cpp_DS18B20
    main.o(.init_array) refers to init_aeabi.o(.text) for __cpp_initialize__aeabi_
    ds18b20.o(i.DS18B20_Check) refers to delay.o(i.delay_us) for delay_us
    ds18b20.o(i.DS18B20_Get_Temp) refers to ds18b20.o(i.DS18B20_Start) for DS18B20_Start
    ds18b20.o(i.DS18B20_Get_Temp) refers to ds18b20.o(i.DS18B20_Rst) for DS18B20_Rst
    ds18b20.o(i.DS18B20_Get_Temp) refers to ds18b20.o(i.DS18B20_Check) for DS18B20_Check
    ds18b20.o(i.DS18B20_Get_Temp) refers to ds18b20.o(i.DS18B20_Write_Byte) for DS18B20_Write_Byte
    ds18b20.o(i.DS18B20_Get_Temp) refers to ds18b20.o(i.DS18B20_Read_Byte) for DS18B20_Read_Byte
    ds18b20.o(i.DS18B20_Get_Temp) refers to fflt_clz.o(x$fpl$fflt) for __aeabi_i2f
    ds18b20.o(i.DS18B20_Get_Temp) refers to f2d.o(x$fpl$f2d) for __aeabi_f2d
    ds18b20.o(i.DS18B20_Get_Temp) refers to dmul.o(x$fpl$dmul) for __aeabi_dmul
    ds18b20.o(i.DS18B20_Get_Temp) refers to dfix.o(x$fpl$dfix) for __aeabi_d2iz
    ds18b20.o(i.DS18B20_Init) refers to ds18b20.o(i.DS18B20_Rst) for DS18B20_Rst
    ds18b20.o(i.DS18B20_Init) refers to ds18b20.o(i.DS18B20_Check) for DS18B20_Check
    ds18b20.o(i.DS18B20_Read_Bit) refers to delay.o(i.delay_us) for delay_us
    ds18b20.o(i.DS18B20_Read_Byte) refers to ds18b20.o(i.DS18B20_Read_Bit) for DS18B20_Read_Bit
    ds18b20.o(i.DS18B20_Rst) refers to delay.o(i.delay_us) for delay_us
    ds18b20.o(i.DS18B20_Start) refers to ds18b20.o(i.DS18B20_Rst) for DS18B20_Rst
    ds18b20.o(i.DS18B20_Start) refers to ds18b20.o(i.DS18B20_Check) for DS18B20_Check
    ds18b20.o(i.DS18B20_Start) refers to ds18b20.o(i.DS18B20_Write_Byte) for DS18B20_Write_Byte
    ds18b20.o(i.DS18B20_Write_Byte) refers to delay.o(i.delay_us) for delay_us
    esp8266.o(i.ESP8266_AP_TCP_Server_Mode) refers to _printf_percent.o(.ARM.Collect$$_printf_percent$$00000000) for _printf_percent
    esp8266.o(i.ESP8266_AP_TCP_Server_Mode) refers to _printf_s.o(.ARM.Collect$$_printf_percent$$00000014) for _printf_s
    esp8266.o(i.ESP8266_AP_TCP_Server_Mode) refers to _printf_str.o(.text) for _printf_str
    esp8266.o(i.ESP8266_AP_TCP_Server_Mode) refers to _printf_d.o(.ARM.Collect$$_printf_percent$$00000009) for _printf_d
[...]
    __aeabi_cdcmpeq                          0x08006cc5   Thumb Code     0  deqf.o(x$fpl$deqf)
    _dcmpeq                                  0x08006cc5   Thumb Code   120  deqf.o(x$fpl$deqf)
    __aeabi_cdcmple                          0x08006d3d   Thumb Code     0  dleqf.o(x$fpl$dleqf)
    _dcmple                                  0x08006d3d   Thumb Code   120  dleqf.o(x$fpl$dleqf)
    __fpl_dcmple_InfNaN                      0x08006d9f   Thumb Code     0  dleqf.o(x$fpl$dleqf)
    __fpl_dnaninf                            0x08006db5   Thumb Code   156  dnaninf.o(x$fpl$dnaninf)
    __aeabi_cdrcmple                         0x08006e51   Thumb Code     0  drleqf.o(x$fpl$drleqf)
    _drcmple                                 0x08006e51   Thumb Code   108  drleqf.o(x$fpl$drleqf)
    __fpl_fretinf                            0x08006ebd   Thumb Code    10  fretinf.o(x$fpl$fretinf)
    __ieee_status                            0x08006ec7   Thumb Code     6  istatus.o(x$fpl$ieeestatus)
    _printf_fp_dec                           0x08006ecd   Thumb Code     4  printf1.o(x$fpl$printf1)
    _printf_fp_hex                           0x08006ed1   Thumb Code     4  printf2.o(x$fpl$printf2)
    __fpl_return_NaN                         0x08006ed5   Thumb Code   100  retnan.o(x$fpl$retnan)
    __ARM_scalbn                             0x08006f39   Thumb Code    92  scalbn.o(x$fpl$scalbn)
    _scanf_real                              0x08006f95   Thumb Code     4  scanf1.o(x$fpl$scanf1)
    _scanf_hex_real                          0x08006f99   Thumb Code     4  scanf2.o(x$fpl$scanf2)
    _scanf_infnan                            0x08006f9d   Thumb Code     4  scanf2.o(x$fpl$scanf2)
    __fpl_cmpreturn                          0x08006fa1   Thumb Code    48  trapv.o(x$fpl$trapveneer)
    __I$use$fp                               0x08006fd0   Number         0  usenofp.o(x$fpl$usenofp)
    std::ctype<char>::_C_classic_table       0x08007040   Data         512  char.o(.constdata)
    __stdin_name                             0x08007240   Data           4  sys_io.o(.constdata)
    __stdout_name                            0x08007244   Data           4  sys_io.o(.constdata)
    __stderr_name                            0x08007248   Data           4  sys_io.o(.constdata)
    vtable for std::locale::facet            0x08007338   Data          20  ios.o(.constdata__ZTVNSt6locale5facetE)
    VTT for std::basic_istream<char, std::char_traits<char>> 0x0800734c   Data           8  ios.o(.constdata__ZTVSi)
    vtable for std::basic_istream<char, std::char_traits<char>> 0x08007354   Data          40  ios.o(.constdata__ZTVSi)
    VTT for std::basic_ostream<char, std::char_traits<char>> 0x0800737c   Data           8  ios.o(.constdata__ZTVSo)
    vtable for std::basic_ostream<char, std::char_traits<char>> 0x08007384   Data          40  ios.o(.constdata__ZTVSo)
    vtable for std::ctype_byname<char>       0x080073ac   Data          52  char.o(.constdata__ZTVSt12ctype_bynameIcE)
    vtable for std::basic_filebuf<char, std::char_traits<char>> 0x080073e0   Data          64  ios.o(.constdata__ZTVSt13basic_filebufIcSt11char_traitsIcEE)
    vtable for std::basic_filebuf<wchar_t, std::char_traits<wchar_t>> 0x08007420   Data          64  ios.o(.constdata__ZTVSt13basic_filebufIwSt11char_traitsIwEE)
    VTT for std::basic_istream<wchar_t, std::char_traits<wchar_t>> 0x08007460   Data           8  ios.o(.constdata__ZTVSt13basic_istreamIwSt11char_traitsIwEE)
    vtable for std::basic_istream<wchar_t, std::char_traits<wchar_t>> 0x08007468   Data          40  ios.o(.constdata__ZTVSt13basic_istreamIwSt11char_traitsIwEE)
    VTT for std::basic_ostream<wchar_t, std::char_traits<wchar_t>> 0x08007490   Data           8  ios.o(.constdata__ZTVSt13basic_ostreamIwSt11char_traitsIwEE)
    vtable for std::basic_ostream<wchar_t, std::char_traits<wchar_t>> 0x08007498   Data          40  ios.o(.constdata__ZTVSt13basic_ostreamIwSt11char_traitsIwEE)
    vtable for std::__rw_exception           0x080074c0   Data          20  rwstdexcept.o(.constdata__ZTVSt14__rw_exception)
    vtable for std::basic_streambuf<char, std::char_traits<char>> 0x080074d4   Data          64  ios.o(.constdata__ZTVSt15basic_streambufIcSt11char_traitsIcEE)
    vtable for std::basic_streambuf<wchar_t, std::char_traits<wchar_t>> 0x08007514   Data          64  ios.o(.constdata__ZTVSt15basic_streambufIwSt11char_traitsIwEE)
    vtable for std::ctype<char>              0x08007554   Data          52  char.o(.constdata__ZTVSt5ctypeIcE)
    vtable for std::ctype<wchar_t>           0x08007588   Data          68  ios.o(.constdata__ZTVSt5ctypeIwE)
    vtable for std::codecvt<char, char, std::__mbstate_t> 0x080075cc   Data          48  ios.o(.constdata__ZTVSt7codecvtIccSt11__mbstate_tE)
    vtable for std::codecvt<wchar_t, char, std::__mbstate_t> 0x080075fc   Data          48  ios.o(.constdata__ZTVSt7codecvtIwcSt11__mbstate_tE)
    vtable for std::ios_base                 0x0800762c   Data          16  ios.o(.constdata__ZTVSt8ios_base)
    vtable for std::messages<char>           0x0800763c   Data          32  rwstdexcept.o(.constdata__ZTVSt8messagesIcE)
    vtable for std::basic_ios<char, std::char_traits<char>> 0x0800765c   Data          16  ios.o(.constdata__ZTVSt9basic_iosIcSt11char_traitsIcEE)
    vtable for std::basic_ios<wchar_t, std::char_traits<wchar_t>> 0x0800766c   Data          16  ios.o(.constdata__ZTVSt9basic_iosIwSt11char_traitsIwEE)
    vtable for std::exception                0x0800767c   Data          20  exception_dtor.o(.constdata__ZTVSt9exception)
    T1* __rw::__rw_create_native_facet<std::ctype<wchar_t>>(T1*)::string 0x08007690   Data           1  ios.o(.constdata__ZZN4__rw24__rw_create_native_facetISt5ctypeIwEEEPT_S4_Es)
    T1* __rw::__rw_create_native_facet<std::codecvt<char, char, std::__mbstate_t>>(T1*)::string 0x08007691   Data           1  ios.o(.constdata__ZZN4__rw24__rw_create_native_facetISt7codecvtIccSt11__mbstate_tEEEPT_S5_Es)
    T1* __rw::__rw_create_native_facet<std::codecvt<wchar_t, char, std::__mbstate_t>>(T1*)::string 0x08007692   Data           1  ios.o(.constdata__ZZN4__rw24__rw_create_native_facetISt7codecvtIwcSt11__mbstate_tEEEPT_S5_Es)
    __rw::__rw_locale_imp::_C_category_name(int) const::string 0x08007693   Data           1  locale.o(.constdata__ZZNK4__rw15__rw_locale_imp16_C_category_nameEiEs)
    std::basic_string<char, std::char_traits<char>, std::allocator<char>>::replace(unsigned, unsigned, const char*, unsigned, unsigned, unsigned)::string 0x08007694   Data           1  main.o(.constdata__ZZNSs7replaceEjjPKcjjjEs)
    std::basic_string<char, std::char_traits<char>, std::allocator<char>>::_C_getRep(unsigned, unsigned)::string 0x08007695   Data           1  main.o(.constdata__ZZNSs9_C_getRepEjjEs)
    std::messages<char>::messages(unsigned)::string 0x08007696   Data           2  rwstdexcept.o(.constdata__ZZNSt8messagesIcEC1EjEs)
    Region$$Table$$Base                      0x0800790c   Number         0  anon$$obj.o(Region$$Table)
    Region$$Table$$Limit                     0x0800792c   Number         0  anon$$obj.o(Region$$Table)
    __aeabi_HUGE_VAL                         0x0800792c   Data           0  fpconst.o(c$$dinf)
    __aeabi_HUGE_VALL                        0x0800792c   Data           0  fpconst.o(c$$dinf)
    __aeabi_INFINITY                         0x0800792c   Data           0  fpconst.o(c$$dinf)
    __dInf                                   0x0800792c   Data           0  fpconst.o(c$$dinf)
    __huge_val                               0x0800792c   Data           0  fpconst.o(c$$dinf)
    __dbl_max                                0x08007934   Data           0  fpconst.o(c$$dmax)
    __ctype                                  0x08007949   Data           0  lc_ctype_c.o(locale$$data)
    __lcnull_start                           0x08007a58   Data           4  null_locale.o(locale$$data)
    SHT$$INIT_ARRAY$$Base                    0x08007a78   Number         0  main.o(.init_array)
    SHT$$INIT_ARRAY$$Limit                   0x08007a88   Number         0  rwcats.o(.init_array)
    DS18B20                                  0x20000000   Data           2  main.o(.data)
    temp_data                                0x20000004   Data           4  main.o(.data)
    avg_tempture                             0x20000008   Data           4  main.o(.data)
    temp_max                                 0x2000000c   Data           4  main.o(.data)
    ESP8266_ConnectState                     0x20000010   Data           4  main.o(.data)
    USART1_RX_CNT                            0x20000018   Data           4  usart.o(.data)
    USART1_RX_FLAG                           0x2000001c   Data           1  usart.o(.data)
    USART2_RX_CNT                            0x20000020   Data           4  usart.o(.data)
    USART2_RX_FLAG                           0x20000024   Data           1  usart.o(.data)
    USART3_RX_CNT                            0x20000028   Data           4  usart.o(.data)
    USART3_RX_FLAG                           0x2000002c   Data           1  usart.o(.data)
    std::ios_base::Init::_C_initcnt          0x20000030   Data           4  ios.o(.data)
    __aeabi_stdin                            0x20000054   Data           4  stdio_streams.o(.data)
    __aeabi_stdout                           0x20000058   Data           4  stdio_streams.o(.data)
    __aeabi_stderr                           0x2000005c   Data           4  stdio_streams.o(.data)
    std::ctype<char>::id                     0x20000060   Data           4  char.o(.data)
    std::ctype<wchar_t>::id                  0x20000064   Data           4  char.o(.data)
    std::locale::_C_classic                  0x20000070   Data           4  locale.o(.data)
    std::locale::_C_native                   0x20000074   Data           4  locale.o(.data)
    std::locale::_C_global                   0x20000078   Data           4  locale.o(.data)
    std::codecvt<char, char, std::__mbstate_t>::id 0x2000007c   Data           4  locale.o(.data)
    std::codecvt<wchar_t, char, std::__mbstate_t>::id 0x20000080   Data           4  locale.o(.data)
    __rw_throw_proc                          0x20000084   Data           4  rwthrowproc_noex.o(.data)
    std::locale::id::_C_init() const::_C_id_gen 0x20000090   Data           4  locale.o(.data__ZZNKSt6locale2id7_C_initEvE9_C_id_gen)
    guard variable for std::__rw_get_cats()::__open_cats 0x20000094   Data           4  messages.o(.data__ZZSt13__rw_get_catsvE11__open_cats)
    std::__rw_get_cats()::__open_cats        0x20000098   Data           8  messages.o(.data__ZZSt13__rw_get_catsvE11__open_cats)
    USART1_RX_BUFFER                         0x200000a0   Data         100  usart.o(.bss)
    USART2_RX_BUFFER                         0x20000104   Data         500  usart.o(.bss)
    USART3_RX_BUFFER                         0x200002f8   Data         500  usart.o(.bss)
    std::__rw_cin_databuf                    0x200004f0   Data         512  ios.o(.bss)
    std::__rw_cin_buffer                     0x200006f0   Data          88  ios.o(.bss)
    std::__rw_indestructible_cin             0x20000748   Data          80  ios.o(.bss)
    std::__rw_cout_databuf                   0x20000798   Data         512  ios.o(.bss)
    std::__rw_cout_buffer                    0x20000998   Data          88  ios.o(.bss)
    std::__rw_indestructible_cout            0x200009f0   Data          72  ios.o(.bss)
    std::__rw_cerr_databuf                   0x20000a38   Data         512  ios.o(.bss)
    std::__rw_cerr_buffer                    0x20000c38   Data          88  ios.o(.bss)
    std::__rw_indestructible_cerr            0x20000c90   Data          72  ios.o(.bss)
    std::__rw_clog_databuf                   0x20000cd8   Data         512  ios.o(.bss)
    std::__rw_clog_buffer                    0x20000ed8   Data          88  ios.o(.bss)
    std::__rw_indestructible_clog            0x20000f30   Data          72  ios.o(.bss)
    std::__rw_wcin_databuf                   0x20000f78   Data        1024  ios.o(.bss)
    std::__rw_wcin_buffer                    0x20001378   Data          88  ios.o(.bss)
    std::__rw_indestructible_wcin            0x200013d0   Data          80  ios.o(.bss)
    std::__rw_wcout_databuf                  0x20001420   Data        1024  ios.o(.bss)
    std::__rw_wcout_buffer                   0x20001820   Data          88  ios.o(.bss)
    std::__rw_indestructible_wcout           0x20001878   Data          72  ios.o(.bss)
    std::__rw_wcerr_databuf                  0x200018c0   Data        1024  ios.o(.bss)
    std::__rw_wcerr_buffer                   0x20001cc0   Data          88  ios.o(.bss)
    std::__rw_indestructible_wcerr           0x20001d18   Data          72  ios.o(.bss)
    std::__rw_wclog_databuf                  0x20001d60   Data        1024  ios.o(.bss)
    std::__rw_wclog_buffer                   0x20002160   Data          88  ios.o(.bss)
    std::__rw_indestructible_wclog           0x200021b8   Data          72  ios.o(.bss)
    std::__rw_std_streams                    0x20002200   Data          32  ios.o(.bss)
    __stdin                                  0x20002238   Data          84  stdio_streams.o(.bss)
    __stdout                                 0x2000228c   Data          84  stdio_streams.o(.bss)
    __stderr                                 0x200022e0   Data          84  stdio_streams.o(.bss)
    __libspace_start                         0x20002334   Data          96  libspace.o(.bss)
    __temporary_stack_top$libspace           0x20002394   Data           0  libspace.o(.bss)
    std::basic_string<char, std::char_traits<char>, std::allocator<char>>::__nullref 0x200023c0   Data          16  vendor.o(.bss__ZNSs9__nullrefE)



==============================================================================

Memory Map of the image

  Image Entry point : 0x08000131

  Load Region LR_IROM1 (Base: 0x08000000, Size: 0x00007b28, Max: 0x00040000, ABSOLUTE)

    Execution Region ER_IROM1 (Exec base: 0x08000000, Load base: 0x08000000, Size: 0x00007a88, Max: 0x00040000, ABSOLUTE)

    Exec Addr    Load Addr    Size         Type   Attr      Idx    E Section Name        Object

    0x08000000   0x08000000   0x00000130   Data   RO           19    RESET               startup_stm32f10x_hd.o
    0x08000130   0x08000130   0x00000008   Code   RO         1124  * !!!main             c_w.l(__main.o)
    0x08000138   0x08000138   0x00000034   Code   RO         3633    !!!scatter          c_w.l(__scatter.o)
    0x0800016c   0x0800016c   0x0000001a   Code   RO         3635    !!handler_copy      c_w.l(__scatter_copy.o)
    0x08000186   0x08000186   0x00000002   PAD
    0x08000188   0x08000188   0x0000001c   Code   RO         3637    !!handler_zi        c_w.l(__scatter_zi.o)
    0x080001a4   0x080001a4   0x00000000   Code   RO         1109    .ARM.Collect$$_printf_percent$$00000000  c_w.l(_printf_percent.o)
    0x080001a4   0x080001a4   0x00000006   Code   RO         3072    .ARM.Collect$$_printf_percent$$00000001  c_w.l(_printf_n.o)
    0x080001aa   0x080001aa   0x00000006   Code   RO         3074    .ARM.Collect$$_printf_percent$$00000002  c_w.l(_printf_p.o)
    0x080001b0   0x080001b0   0x00000006   Code   RO         3078    .ARM.Collect$$_printf_percent$$00000003  c_w.l(_printf_f.o)
    0x080001b6   0x080001b6   0x00000006   Code   RO         3079    .ARM.Collect$$_printf_percent$$00000004  c_w.l(_printf_e.o)
    0x080001bc   0x080001bc   0x00000006   Code   RO         3080    .ARM.Collect$$_printf_percent$$00000005  c_w.l(_printf_g.o)
    0x080001c2   0x080001c2   0x00000006   Code   RO         3081    .ARM.Collect$$_printf_percent$$00000006  c_w.l(_printf_a.o)
    0x080001c8   0x080001c8   0x0000000a   Code   RO         3085    .ARM.Collect$$_printf_percent$$00000007  c_w.l(_printf_ll.o)
    0x080001d2   0x080001d2   0x00000006   Code   RO         3076    .ARM.Collect$$_printf_percent$$00000008  c_w.l(_printf_i.o)
    0x080001d8   0x080001d8   0x00000006   Code   RO         1108    .ARM.Collect$$_printf_percent$$00000009  c_w.l(_printf_d.o)
    0x080001de   0x080001de   0x00000006   Code   RO         3077    .ARM.Collect$$_printf_percent$$0000000A  c_w.l(_printf_u.o)
    0x080001e4   0x080001e4   0x00000006   Code   RO         3075    .ARM.Collect$$_printf_percent$$0000000B  c_w.l(_printf_o.o)
    0x080001ea   0x080001ea   0x00000006   Code   RO         3073    .ARM.Collect$$_printf_percent$$0000000C  c_w.l(_printf_x.o)
    0x080001f0   0x080001f0   0x00000006   Code   RO         3082    .ARM.Collect$$_printf_percent$$0000000D  c_w.l(_printf_lli.o)
    0x080001f6   0x080001f6   0x00000006   Code   RO         3083    .ARM.Collect$$_printf_percent$$0000000E  c_w.l(_printf_lld.o)
    0x080001fc   0x080001fc   0x00000006   Code   RO         3084    .ARM.Collect$$_printf_percent$$0000000F  c_w.l(_printf_llu.o)
    0x08000202   0x08000202   0x00000006   Code   RO         3089    .ARM.Collect$$_printf_percent$$00000010  c_w.l(_printf_llo.o)
    0x08000208   0x08000208   0x00000006   Code   RO         3090    .ARM.Collect$$_printf_percent$$00000011  c_w.l(_printf_llx.o)
    0x0800020e   0x0800020e   0x0000000a   Code   RO         3086    .ARM.Collect$$_printf_percent$$00000012  c_w.l(_printf_l.o)
    0x08000218   0x08000218   0x00000006   Code   RO         3071    .ARM.Collect$$_printf_percent$$00000013  c_w.l(_printf_c.o)
    0x0800021e   0x0800021e   0x00000006   Code   RO         1107    .ARM.Collect$$_printf_percent$$00000014  c_w.l(_printf_s.o)
    0x08000224   0x08000224   0x00000006   Code   RO         3087    .ARM.Collect$$_printf_percent$$00000015  c_w.l(_printf_lc.o)
    0x0800022a   0x0800022a   0x00000006   Code   RO         3088    .ARM.Collect$$_printf_percent$$00000016  c_w.l(_printf_ls.o)
    0x08000230   0x08000230   0x00000004   Code   RO         2428    .ARM.Collect$$_printf_percent$$00000017  c_w.l(_printf_percent_end.o)
    0x08000234   0x08000234   0x00000002   Code   RO         3411    .ARM.Collect$$libinit$$00000000  c_w.l(libinit.o)
    0x08000236   0x08000236   0x00000000   Code   RO         2485    .ARM.Collect$$libinit$$00000002  c_w.l(libinit2.o)
    0x08000236   0x08000236   0x00000000   Code   RO         2487    .ARM.Collect$$libinit$$00000004  c_w.l(libinit2.o)
    0x08000236   0x08000236   0x00000008   Code   RO         2488    .ARM.Collect$$libinit$$00000005  c_w.l(libinit2.o)
    0x0800023e   0x0800023e   0x00000000   Code   RO         2490    .ARM.Collect$$libinit$$0000000A  c_w.l(libinit2.o)
    0x0800023e   0x0800023e   0x00000000   Code   RO         2492    .ARM.Collect$$libinit$$0000000C  c_w.l(libinit2.o)
    0x0800023e   0x0800023e   0x00000000   Code   RO         2494    .ARM.Collect$$libinit$$0000000E  c_w.l(libinit2.o)
    0x0800023e   0x0800023e   0x00000006   Code   RO         2495    .ARM.Collect$$libinit$$0000000F  c_w.l(libinit2.o)
    0x08000244   0x08000244   0x00000000   Code   RO         2497    .ARM.Collect$$libinit$$00000011  c_w.l(libinit2.o)
    0x08000244   0x08000244   0x0000000c   Code   RO         2498    .ARM.Collect$$libinit$$00000012  c_w.l(libinit2.o)
    0x08000250   0x08000250   0x00000000   Code   RO         2499    .ARM.Collect$$libinit$$00000013  c_w.l(libinit2.o)
    0x08000250   0x08000250   0x00000000   Code   RO         2501    .ARM.Collect$$libinit$$00000015  c_w.l(libinit2.o)
    0x08000250   0x08000250   0x0000000a   Code   RO         2502    .ARM.Collect$$libinit$$00000016  c_w.l(libinit2.o)
    0x0800025a   0x0800025a   0x00000000   Code   RO         2503    .ARM.Collect$$libinit$$00000017  c_w.l(libinit2.o)
    0x0800025a   0x0800025a   0x00000000   Code   RO         2505    .ARM.Collect$$libinit$$00000019  c_w.l(libinit2.o)
    0x0800025a   0x0800025a   0x00000000   Code   RO         2507    .ARM.Collect$$libinit$$0000001B  c_w.l(libinit2.o)
    0x0800025a   0x0800025a   0x00000000   Code   RO         2509    .ARM.Collect$$libinit$$0000001D  c_w.l(libinit2.o)
    0x0800025a   0x0800025a   0x00000000   Code   RO         2511    .ARM.Collect$$libinit$$0000001F  c_w.l(libinit2.o)
    0x0800025a   0x0800025a   0x00000000   Code   RO         2513    .ARM.Collect$$libinit$$00000021  c_w.l(libinit2.o)
    0x0800025a   0x0800025a   0x00000000   Code   RO         2515    .ARM.Collect$$libinit$$00000023  c_w.l(libinit2.o)
    0x0800025a   0x0800025a   0x00000004   Code   RO         2516    .ARM.Collect$$libinit$$00000024  c_w.l(libinit2.o)
    0x0800025e   0x0800025e   0x00000000   Code   RO         2517    .ARM.Collect$$libinit$$00000025  c_w.l(libinit2.o)
    0x0800025e   0x0800025e   0x00000000   Code   RO         2521    .ARM.Collect$$libinit$$0000002C  c_w.l(libinit2.o)
    0x0800025e   0x0800025e   0x00000000   Code   RO         2523    .ARM.Collect$$libinit$$0000002E  c_w.l(libinit2.o)
    0x0800025e   0x0800025e   0x00000000   Code   RO         2525    .ARM.Collect$$libinit$$00000030  c_w.l(libinit2.o)
    0x0800025e   0x0800025e   0x00000004   Code   RO         2526    .ARM.Collect$$libinit$$00000031  c_w.l(libinit2.o)
    0x08000262   0x08000262   0x00000000   Code   RO         2527    .ARM.Collect$$libinit$$00000032  c_w.l(libinit2.o)
    0x08000262   0x08000262   0x00000002   Code   RO         2528    .ARM.Collect$$libinit$$00000033  c_w.l(libinit2.o)
    0x08000264   0x08000264   0x00000002   Code   RO         3584    .ARM.Collect$$libshutdown$$00000000  c_w.l(libshutdown.o)
    0x08000266   0x08000266   0x00000006   Code   RO         3150    .ARM.Collect$$libshutdown$$00000001  c_w.l(libshutdown2.o)
    0x0800026c   0x0800026c   0x00000000   Code   RO         3151    .ARM.Collect$$libshutdown$$00000002  c_w.l(libshutdown2.o)
    0x0800026c   0x0800026c   0x00000004   Code   RO         3152    .ARM.Collect$$libshutdown$$00000003  c_w.l(libshutdown2.o)
    0x08000270   0x08000270   0x00000000   Code   RO         3153    .ARM.Collect$$libshutdown$$00000004  c_w.l(libshutdown2.o)
    0x08000270   0x08000270   0x00000000   Code   RO         3156    .ARM.Collect$$libshutdown$$00000007  c_w.l(libshutdown2.o)
    0x08000270   0x08000270   0x00000000   Code   RO         3159    .ARM.Collect$$libshutdown$$0000000A  c_w.l(libshutdown2.o)
    0x08000270   0x08000270   0x00000000   Code   RO         3161    .ARM.Collect$$libshutdown$$0000000C  c_w.l(libshutdown2.o)
    0x08000270   0x08000270   0x00000000   Code   RO         3164    .ARM.Collect$$libshutdown$$0000000F  c_w.l(libshutdown2.o)
    0x08000270   0x08000270   0x00000002   Code   RO         3165    .ARM.Collect$$libshutdown$$00000010  c_w.l(libshutdown2.o)
    0x08000272   0x08000272   0x00000000   Code   RO         2346    .ARM.Collect$$rtentry$$00000000  c_w.l(__rtentry.o)
    0x08000272   0x08000272   0x00000000   Code   RO         2978    .ARM.Collect$$rtentry$$00000002  c_w.l(__rtentry2.o)
    0x08000272   0x08000272   0x00000006   Code   RO         2990    .ARM.Collect$$rtentry$$00000004  c_w.l(__rtentry4.o)
    0x08000278   0x08000278   0x00000000   Code   RO         2980    .ARM.Collect$$rtentry$$00000009  c_w.l(__rtentry2.o)
    0x08000278   0x08000278   0x00000004   Code   RO         2981    .ARM.Collect$$rtentry$$0000000A  c_w.l(__rtentry2.o)
    0x0800027c   0x0800027c   0x00000000   Code   RO         2983    .ARM.Collect$$rtentry$$0000000C  c_w.l(__rtentry2.o)
    0x0800027c   0x0800027c   0x00000008   Code   RO         2984    .ARM.Collect$$rtentry$$0000000D  c_w.l(__rtentry2.o)
    0x08000284   0x08000284   0x00000002   Code   RO         3440    .ARM.Collect$$rtexit$$00000000  c_w.l(rtexit.o)
    0x08000286   0x08000286   0x00000000   Code   RO         3533    .ARM.Collect$$rtexit$$00000002  c_w.l(rtexit2.o)
    0x08000286   0x08000286   0x00000004   Code   RO         3534    .ARM.Collect$$rtexit$$00000003  c_w.l(rtexit2.o)
    0x0800028a   0x0800028a   0x00000006   Code   RO         3535    .ARM.Collect$$rtexit$$00000004  c_w.l(rtexit2.o)
    0x08000290   0x08000290   0x00000000   Code   RO         3332    .emb_text           c_w.l(maybetermalloc1.o)
    0x08000290   0x08000290   0x00000040   Code   RO           20    .text               startup_stm32f10x_hd.o
    0x080002d0   0x080002d0   0x00000052   Code   RO         1083    .text               c_w.l(_printf_str.o)
    0x08000322   0x08000322   0x00000002   PAD
    0x08000324   0x08000324   0x00000078   Code   RO         1085    .text               c_w.l(_printf_dec.o)
    0x0800039c   0x0800039c   0x00000188   Code   RO         1104    .text               c_w.l(__printf_flags_ss_wp.o)
    0x08000524   0x08000524   0x0000002e   Code   RO         1113    .text               c_w.l(aeabi_atexit.o)
    0x08000552   0x08000552   0x0000008a   Code   RO         1118    .text               c_w.l(rt_memcpy_v6.o)
    0x080005dc   0x080005dc   0x00000084   Code   RO         1120    .text               c_w.l(rt_memmove_v6.o)
    0x08000660   0x08000660   0x00000006   Code   RO         1122    .text               c_w.l(heapauxi.o)
    0x08000666   0x08000666   0x00000002   PAD
    0x08000668   0x08000668   0x00000024   Code   RO         1129    .text               c_w.l(init_aeabi.o)
    0x0800068c   0x0800068c   0x00000008   Code   RO         2350    .text               c_w.l(rt_ddtor_pointer_addr_intlibspace.o)
    0x08000694   0x08000694   0x0000005e   Code   RO         2356    .text               c_w.l(h1_alloc.o)
    0x080006f2   0x080006f2   0x0000004e   Code   RO         2358    .text               c_w.l(h1_free.o)
    0x08000740   0x08000740   0x00000014   Code   RO         2414    .text               c_w.l(fprintf.o)
    0x08000754   0x08000754   0x00000034   Code   RO         2416    .text               c_w.l(vsnprintf.o)
    0x08000788   0x08000788   0x000000b2   Code   RO         2418    .text               c_w.l(_printf_intcommon.o)
    0x0800083a   0x0800083a   0x00000002   PAD
    0x0800083c   0x0800083c   0x00000030   Code   RO         2420    .text               c_w.l(_printf_char_common.o)
    0x0800086c   0x0800086c   0x0000000a   Code   RO         2422    .text               c_w.l(_sputc.o)
    0x08000876   0x08000876   0x0000002c   Code   RO         2424    .text               c_w.l(_printf_char.o)
    0x080008a2   0x080008a2   0x00000002   PAD
    0x080008a4   0x080008a4   0x00000024   Code   RO         2426    .text               c_w.l(_printf_char_file.o)
    0x080008c8   0x080008c8   0x0000003c   Code   RO         2429    .text               c_w.l(sscanf.o)
    0x08000904   0x08000904   0x00000008   Code   RO         2433    .text               c_w.l(ferror.o)
    0x0800090c   0x0800090c   0x000000f8   Code   RO         2435    .text               c_w.l(fseek.o)
    0x08000a04   0x08000a04   0x00000042   Code   RO         2437    .text               c_w.l(ftell.o)
    0x08000a46   0x08000a46   0x00000032   Code   RO         2439    .text               c_w.l(fwrite.o)
    0x08000a78   0x08000a78   0x0000004c   Code   RO         2449    .text               c_w.l(fclose.o)
    0x08000ac4   0x08000ac4   0x00000016   Code   RO         2463    .text               c_w.l(abort.o)
    0x08000ada   0x08000ada   0x00000042   Code   RO         2465    .text               c_w.l(cxa_finalize.o)
    0x08000b1c   0x08000b1c   0x00000048   Code   RO         2468    .text               c_w.l(strcpy.o)
    0x08000b64   0x08000b64   0x00000016   Code   RO         2470    .text               c_w.l(strrchr.o)
    0x08000b7a   0x08000b7a   0x0000003e   Code   RO         2472    .text               c_w.l(strlen.o)
    0x08000bb8   0x08000bb8   0x00000006   Code   RO         2474    .text               c_w.l(wmemmove.o)
    0x08000bbe   0x08000bbe   0x00000018   Code   RO         2476    .text               c_w.l(strcat.o)
    0x08000bd6   0x08000bd6   0x00000064   Code   RO         2478    .text               c_w.l(rt_memcpy_w.o)
    0x08000c3a   0x08000c3a   0x0000007a   Code   RO         2480    .text               c_w.l(rt_memmove_w.o)
    0x08000cb4   0x08000cb4   0x0000004e   Code   RO         2482    .text               c_w.l(rt_memclr_w.o)
    0x08000d02   0x08000d02   0x00000002   Code   RO         2905    .text               cpprt_w.l(arm_rethrow_noexceptions.o)
    0x08000d04   0x08000d04   0x0000000e   Code   RO         2940    .text               cpprt_w.l(aeabi_vec_delete_noexceptions.o)
    0x08000d12   0x08000d12   0x00000066   Code   RO         2965    .text               c_w.l(sys_io.o)
    0x08000d78   0x08000d78   0x0000000c   Code   RO         2970    .text               c_w.l(sys_exit.o)
    0x08000d84   0x08000d84   0x00000008   Code   RO         2972    .text               c_w.l(libspace.o)
    0x08000d8c   0x08000d8c   0x00000010   Code   RO         2992    .text               c_w.l(rt_ctype_table.o)
    0x08000d9c   0x08000d9c   0x00000008   Code   RO         2997    .text               c_w.l(rt_heap_descriptor_intlibspace.o)
    0x08000da4   0x08000da4   0x00000008   Code   RO         3002    .text               c_w.l(rt_new_handler_addr_intlibspace.o)
    0x08000dac   0x08000dac   0x00000008   Code   RO         3007    .text               c_w.l(rt_errno_addr_intlibspace.o)
    0x08000db4   0x08000db4   0x00000004   Code   RO         3009    .text               c_w.l(hguard.o)
    0x08000db8   0x08000db8   0x0000008a   Code   RO         3011    .text               c_w.l(init_alloc.o)
    0x08000e42   0x08000e42   0x0000000e   Code   RO         3015    .text               c_w.l(h1_init.o)
    0x08000e50   0x08000e50   0x0000004e   Code   RO         3029    .text               c_w.l(_printf_pad.o)
    0x08000e9e   0x08000e9e   0x00000024   Code   RO         3031    .text               c_w.l(_printf_truncate.o)
    0x08000ec2   0x08000ec2   0x00000028   Code   RO         3033    .text               c_w.l(_printf_charcount.o)
    0x08000eea   0x08000eea   0x00000010   Code   RO         3035    .text               c_w.l(_snputc.o)
    0x08000efa   0x08000efa   0x00000002   PAD
    0x08000efc   0x08000efc   0x000000bc   Code   RO         3039    .text               c_w.l(_printf_wctomb.o)
    0x08000fb8   0x08000fb8   0x0000007c   Code   RO         3042    .text               c_w.l(_printf_longlong_dec.o)
    0x08001034   0x08001034   0x00000070   Code   RO         3048    .text               c_w.l(_printf_oct_int_ll.o)
    0x080010a4   0x080010a4   0x00000094   Code   RO         3068    .text               c_w.l(_printf_hex_int_ll_ptr.o)
    0x08001138   0x08001138   0x00000156   Code   RO         3091    .text               c_w.l(_scanf_longlong.o)
    0x0800128e   0x0800128e   0x0000014c   Code   RO         3093    .text               c_w.l(_scanf_int.o)
    0x080013da   0x080013da   0x000000e0   Code   RO         3095    .text               c_w.l(_scanf_str.o)
    0x080014ba   0x080014ba   0x00000002   PAD
    0x080014bc   0x080014bc   0x0000002c   Code   RO         3097    .text               c_w.l(scanf_char.o)
    0x080014e8   0x080014e8   0x00000040   Code   RO         3099    .text               c_w.l(_sgetc.o)
    0x08001528   0x08001528   0x00000114   Code   RO         3101    .text               c_w.l(_scanf_mbtowc.o)
    0x0800163c   0x0800163c   0x000000e8   Code   RO         3103    .text               c_w.l(_scanf_wctomb.o)
    0x08001724   0x08001724   0x000000d0   Code   RO         3105    .text               c_w.l(_scanf_wstr.o)
    0x080017f4   0x080017f4   0x000000f0   Code   RO         3111    .text               c_w.l(stdio.o)
    0x080018e4   0x080018e4   0x00000138   Code   RO         3114    .text               c_w.l(initio.o)
    0x08001a1c   0x08001a1c   0x00000010   Code   RO         3120    .text               c_w.l(locale.o)
    0x08001a2c   0x08001a2c   0x0000000e   Code   RO         3132    .text               c_w.l(defsig_abrt_outer.o)
    0x08001a3a   0x08001a3a   0x00000008   Code   RO         3140    .text               c_w.l(memcpy.o)
    0x08001a42   0x08001a42   0x00000008   Code   RO         3142    .text               c_w.l(memmove.o)
    0x08001a4a   0x08001a4a   0x00000002   PAD
    0x08001a4c   0x08001a4c   0x00000080   Code   RO         3144    .text               c_w.l(strcmpv7m.o)
    0x08001acc   0x08001acc   0x00000004   Code   RO         3255    .text               cpprt_w.l(arm_newhandler_noexceptions.o)
    0x08001ad0   0x08001ad0   0x0000001a   Code   RO         3287    .text               cpprt_w.l(arm_exceptions_terminate.o)
    0x08001aea   0x08001aea   0x00000002   PAD
    0x08001aec   0x08001aec   0x00000050   Code   RO         3290    .text               cpprt_w.l(arm_exceptions_globs.o)
    0x08001b3c   0x08001b3c   0x00000002   Code   RO         3313    .text               c_w.l(use_no_semi.o)
    0x08001b3e   0x08001b3e   0x00000000   Code   RO         3315    .text               c_w.l(indicate_semi.o)
    0x08001b3e   0x08001b3e   0x0000004a   Code   RO         3316    .text               c_w.l(sys_stackheap_outer.o)
    0x08001b88   0x08001b88   0x00000008   Code   RO         3323    .text               c_w.l(rt_locale_intlibspace.o)
    0x08001b90   0x08001b90   0x00000008   Code   RO         3328    .text               c_w.l(rt_eh_globals_addr_intlibspace.o)
    0x08001b98   0x08001b98   0x00000034   Code   RO         3334    .text               c_w.l(h1_extend.o)
    0x08001bcc   0x08001bcc   0x0000008a   Code   RO         3338    .text               c_w.l(lludiv10.o)
    0x08001c56   0x08001c56   0x00000012   Code   RO         3340    .text               c_w.l(isspace.o)
    0x08001c68   0x08001c68   0x0000041e   Code   RO         3344    .text               c_w.l(_printf_fp_dec.o)
    0x08002086   0x08002086   0x00000002   PAD
    0x08002088   0x08002088   0x000002fc   Code   RO         3346    .text               c_w.l(_printf_fp_hex.o)
    0x08002384   0x08002384   0x0000002c   Code   RO         3349    .text               c_w.l(_printf_wchar.o)
    0x080023b0   0x080023b0   0x0000001c   Code   RO         3351    .text               c_w.l(_chval.o)
    0x080023cc   0x080023cc   0x00000374   Code   RO         3353    .text               c_w.l(_scanf.o)
    0x08002740   0x08002740   0x000004f8   Code   RO         3355    .text               c_w.l(scanf_fp.o)
    0x08002c38   0x08002c38   0x0000001e   Code   RO         3359    .text               c_w.l(_scanf_wcharmap.o)
    0x08002c56   0x08002c56   0x00000046   Code   RO         3363    .text               c_w.l(setvbuf.o)
    0x08002c9c   0x08002c9c   0x000000ec   Code   RO         3365    .text               c_w.l(fopen.o)
    0x08002d88   0x08002d88   0x000001b8   Code   RO         3373    .text               c_w.l(locale_r.o)
    0x08002f40   0x08002f40   0x0000003c   Code   RO         3375    .text               c_w.l(_mbrtowc.o)
    0x08002f7c   0x08002f7c   0x00000040   Code   RO         3377    .text               c_w.l(_wcrtomb.o)
    0x08002fbc   0x08002fbc   0x00000012   Code   RO         3385    .text               c_w.l(exit.o)
    0x08002fce   0x08002fce   0x0000000a   Code   RO         3387    .text               c_w.l(defsig_exit.o)
    0x08002fd8   0x08002fd8   0x00000030   Code   RO         3389    .text               c_w.l(defsig_abrt_inner.o)
    0x08003008   0x08003008   0x0000000e   Code   RO         3391    .text               c_w.l(defsig_rtred_outer.o)
    0x08003016   0x08003016   0x0000000e   Code   RO         3395    .text               c_w.l(defsig_rtmem_outer.o)
    0x08003024   0x08003024   0x00000022   Code   RO         3420    .text               cpprt_w.l(aeabi_vec_dtor_noexceptions.o)
    0x08003046   0x08003046   0x0000003c   Code   RO         3423    .text               cpprt_w.l(arm_exceptions_mem.o)
    0x08003082   0x08003082   0x00000002   PAD
    0x08003084   0x08003084   0x00000080   Code   RO         3444    .text               c_w.l(_printf_fp_infnan.o)
    0x08003104   0x08003104   0x000000e4   Code   RO         3448    .text               c_w.l(bigflt0.o)
    0x080031e8   0x080031e8   0x00000032   Code   RO         3496    .text               c_w.l(defsig_general.o)
    0x0800321a   0x0800321a   0x00000002   PAD
    0x0800321c   0x0800321c   0x00000034   Code   RO         3498    .text               c_w.l(defsig_rtred_inner.o)
    0x08003250   0x08003250   0x00000050   Code   RO         3500    .text               c_w.l(defsig_rtmem_inner.o)
    0x080032a0   0x080032a0   0x0000000e   Code   RO         3530    .text               c_w.l(sys_wrch.o)
    0x080032ae   0x080032ae   0x00000016   Code   RO         3543    .text               c_w.l(_rserrno.o)
    0x080032c4   0x080032c4   0x00000320   Code   RO         3545    .text               c_w.l(scanf_hexfp.o)
    0x080035e4   0x080035e4   0x00000134   Code   RO         3547    .text               c_w.l(scanf_infnan.o)
    0x08003718   0x08003718   0x0000001c   Code   RO         3557    .text               cpprt_w.l(ARM_vec_cleanup_noexceptions.o)
    0x08003734   0x08003734   0x00000026   Code   RO         3568    .text               c_w.l(llshl.o)
    0x0800375a   0x0800375a   0x0000003e   Code   RO         3451    CL$$btod_d2e        c_w.l(btod.o)
    0x08003798   0x08003798   0x00000046   Code   RO         3453    CL$$btod_d2e_denorm_low  c_w.l(btod.o)
    0x080037de   0x080037de   0x00000060   Code   RO         3452    CL$$btod_d2e_norm_op1  c_w.l(btod.o)
    0x0800383e   0x0800383e   0x00000338   Code   RO         3461    CL$$btod_div_common  c_w.l(btod.o)
    0x08003b76   0x08003b76   0x00000002   PAD
    0x08003b78   0x08003b78   0x00000084   Code   RO         3459    CL$$btod_e2d        c_w.l(btod.o)
    0x08003bfc   0x08003bfc   0x000000dc   Code   RO         3458    CL$$btod_e2e        c_w.l(btod.o)
    0x08003cd8   0x08003cd8   0x0000002a   Code   RO         3455    CL$$btod_ediv       c_w.l(btod.o)
    0x08003d02   0x08003d02   0x0000002a   Code   RO         3457    CL$$btod_edivd      c_w.l(btod.o)
    0x08003d2c   0x08003d2c   0x0000002a   Code   RO         3454    CL$$btod_emul       c_w.l(btod.o)
    0x08003d56   0x08003d56   0x0000002a   Code   RO         3456    CL$$btod_emuld      c_w.l(btod.o)
    0x08003d80   0x08003d80   0x00000244   Code   RO         3460    CL$$btod_mult_common  c_w.l(btod.o)
    0x08003fc4   0x08003fc4   0x00000014   Code   RO         2681    i.<Func5>           cpp_ws.l(locale.o)
    0x08003fd8   0x08003fd8   0x00000008   Code   RO           24    i.SetSysClock       system_stm32f10x.o
    0x08003fe0   0x08003fe0   0x000000e0   Code   RO           25    i.SetSysClockTo72   system_stm32f10x.o
    0x080040c0   0x080040c0   0x00000002   Code   RO          912    i.SysTick_Handler   sys.o
    0x080040c2   0x080040c2   0x00000002   PAD
    0x080040c4   0x080040c4   0x00000060   Code   RO           27    i.SystemInit        system_stm32f10x.o
    0x08004124   0x08004124   0x00000038   Code   RO          941    i.TIM2_IRQHandler   timer.o
    0x0800415c   0x0800415c   0x00000038   Code   RO          942    i.TIM3_IRQHandler   timer.o
    0x08004194   0x08004194   0x0000004c   Code   RO          943    i.TIM4_IRQHandler   timer.o
    0x080041e0   0x080041e0   0x00000060   Code   RO          992    i.USART1_IRQHandler  usart.o
    0x08004240   0x08004240   0x00000060   Code   RO          994    i.USART2_IRQHandler  usart.o
    0x080042a0   0x080042a0   0x00000060   Code   RO          996    i.USART3_IRQHandler  usart.o
    0x08004300   0x08004300   0x00000020   Code   RO         3166    i._Z7catgetsPN4__rw8__rw_catEiiPKc  cpp_ws.l(rwcats.o)
    0x08004320   0x08004320   0x00000022   Code   RO         3167    i._Z7catopenPKci    cpp_ws.l(rwcats.o)
    0x08004342   0x08004342   0x00000058   Code   RO         2133    i._ZN37_INTERNAL_15_rwstdexcept_cpp_8697b68a4__rw13__rw_vfmatstrEPcjPKcSt9__va_list  cpp_ws.l(rwstdexcept.o)
    0x0800439a   0x0800439a   0x00000002   PAD
    0x0800439c   0x0800439c   0x0000014c   Code   RO         2134    i._ZN37_INTERNAL_15_rwstdexcept_cpp_8697b68a4__rw13__rw_vfmatstrEPcjiSt9__va_list  cpp_ws.l(rwstdexcept.o)
    0x080044e8   0x080044e8   0x0000005c   Code   RO         2136    i._ZN4__rw10__rw_throwEiz  cpp_ws.l(rwstdexcept.o)
    0x08004544   0x08004544   0x0000002c   Code   RO         1525    i._ZN4__rw11__rw_file_t11_C_get_modeEPSt6__FILE  cpp_ws.l(ios.o)
    0x08004570   0x08004570   0x0000001c   Code   RO         1750    i._ZN4__rw11__rw_file_t7_C_seekEli  cpp_ws.l(ios.o)
    0x0800458c   0x0800458c   0x00000020   Code   RO         1656    i._ZN4__rw11__rw_file_t8_C_writeEPKvjj  cpp_ws.l(ios.o)
    0x080045ac   0x080045ac   0x00000020   Code   RO         2081    i._ZN4__rw13__rw_allocateEji  cpp_ws.l(rwalloc.o)
    0x080045cc   0x080045cc   0x00000004   Code   RO         2082    i._ZN4__rw15__rw_deallocateEPvji  cpp_ws.l(rwalloc.o)
    0x080045d0   0x080045d0   0x00000002   Code   RO         2054    i._ZN4__rw15__rw_facet_base12_C_initfacetERKSt6locale  cpp_ws.l(ios.o)
    0x080045d2   0x080045d2   0x00000002   PAD
    0x080045d4   0x080045d4   0x000000ec   Code   RO         2784    i._ZN4__rw15__rw_locale_impC1EPKcjj  cpp_ws.l(locale.o)
    0x080046c0   0x080046c0   0x0000001a   Code   RO         1475    i._ZN4__rw15__rw_locale_impD1Ev  cpp_ws.l(ios.o)
    0x080046da   0x080046da   0x0000003a   Code   RO         2682    i._ZN4__rw21__rw_use_c_lib_localeC1EPKci  cpp_ws.l(locale.o)
    0x08004714   0x08004714   0x00000018   Code   RO         2649    i._ZN4__rw21__rw_use_c_lib_localeD1Ev  cpp_ws.l(char.o)
    0x0800472c   0x0800472c   0x00000098   Code   RO         3190    i._ZN4__rw25__rw_throw_exception_noexEiPc  cpp_ws.l(rwthrowproc_impl_noex.o)
    0x080047c4   0x080047c4   0x00000030   Code   RO         3170    i._ZN4__rw9__catfindEPNS_8__rw_catE  cpp_ws.l(rwcats.o)
    0x080047f4   0x080047f4   0x0000000a   Code   RO         1738    i._ZNK4__rw11__rw_file_t10_C_is_openEv  cpp_ws.l(ios.o)
    0x080047fe   0x080047fe   0x00000004   Code   RO         2221    i._ZNKSt14__rw_exception4whatEv  cpp_ws.l(rwstdexcept.o)
    0x08004802   0x08004802   0x00000072   Code   RO         2836    i._ZNKSt18__rw_messages_base11_C_cat_openERKSsRKSt6locale  cpp_ws.l(messages.o)
    0x08004874   0x08004874   0x00000020   Code   RO         2839    i._ZNKSt18__rw_messages_base13_C_get_localeEi  cpp_ws.l(messages.o)
    0x08004894   0x08004894   0x00000034   Code   RO         2840    i._ZNKSt18__rw_messages_base14_C_get_messageEiii  cpp_ws.l(messages.o)
    0x080048c8   0x080048c8   0x0000000e   Code   RO         2619    i._ZNKSt5ctypeIcE2isENSt10ctype_base4maskEc  cpp_ws.l(char.o)
    0x080048d6   0x080048d6   0x00000004   Code   RO         2637    i._ZNKSt5ctypeIcE8do_widenEc  cpp_ws.l(char.o)
    0x080048da   0x080048da   0x00000004   Code   RO         1863    i._ZNKSt5ctypeIwE8do_widenEc  cpp_ws.l(ios.o)
    0x080048de   0x080048de   0x00000028   Code   RO         1242    i._ZNKSt6locale12_C_use_facetERKNS_2idEbiPFPN4__rw15__rw_facet_baseEiPKcjE  cpp_ws.l(ios.o)
    0x08004906   0x08004906   0x00000002   PAD
    0x08004908   0x08004908   0x00000108   Code   RO         2687    i._ZNKSt6locale13_C_make_facetERKNS_2idEbiPFPN4__rw15__rw_facet_baseEiPKcjE  cpp_ws.l(locale.o)
    0x08004a10   0x08004a10   0x00000074   Code   RO         2689    i._ZNKSt6locale16_C_install_facetEPN4__rw15__rw_facet_baseERKNS_2idE  cpp_ws.l(locale.o)
    0x08004a84   0x08004a84   0x00000030   Code   RO         2690    i._ZNKSt6locale4nameEv  cpp_ws.l(locale.o)
    0x08004ab4   0x08004ab4   0x00000004   Code   RO         1917    i._ZNKSt7codecvtIccSt11__mbstate_tE11do_encodingEv  cpp_ws.l(ios.o)
    0x08004ab8   0x08004ab8   0x0000000a   Code   RO         1590    i._ZNKSt7codecvtIccSt11__mbstate_tE13always_noconvEv  cpp_ws.l(ios.o)
    0x08004ac2   0x08004ac2   0x00000004   Code   RO         1920    i._ZNKSt7codecvtIccSt11__mbstate_tE16do_always_noconvEv  cpp_ws.l(ios.o)
    0x08004ac6   0x08004ac6   0x0000001c   Code   RO         1581    i._ZNKSt7codecvtIccSt11__mbstate_tE3outERS0_PKcS4_RS4_PcS6_RS6_  cpp_ws.l(ios.o)
    0x08004ae2   0x08004ae2   0x0000000e   Code   RO         1908    i._ZNKSt7codecvtIccSt11__mbstate_tE6do_outERS0_PKcS4_RS4_PcS6_RS6_  cpp_ws.l(ios.o)
    0x08004af0   0x08004af0   0x0000000a   Code   RO         1585    i._ZNKSt7codecvtIccSt11__mbstate_tE8encodingEv  cpp_ws.l(ios.o)
    0x08004afa   0x08004afa   0x00000004   Code   RO         1947    i._ZNKSt7codecvtIwcSt11__mbstate_tE11do_encodingEv  cpp_ws.l(ios.o)
    0x08004afe   0x08004afe   0x0000000a   Code   RO         1612    i._ZNKSt7codecvtIwcSt11__mbstate_tE13always_noconvEv  cpp_ws.l(ios.o)
    0x08004b08   0x08004b08   0x00000004   Code   RO         1944    i._ZNKSt7codecvtIwcSt11__mbstate_tE16do_always_noconvEv  cpp_ws.l(ios.o)
    0x08004b0c   0x08004b0c   0x0000001c   Code   RO         1603    i._ZNKSt7codecvtIwcSt11__mbstate_tE3outERS0_PKwS4_RS4_PcS6_RS6_  cpp_ws.l(ios.o)
    0x08004b28   0x08004b28   0x00000030   Code   RO         1935    i._ZNKSt7codecvtIwcSt11__mbstate_tE6do_outERS0_PKwS4_RS4_PcS6_RS6_  cpp_ws.l(ios.o)
    0x08004b58   0x08004b58   0x0000000a   Code   RO         1607    i._ZNKSt7codecvtIwcSt11__mbstate_tE8encodingEv  cpp_ws.l(ios.o)
    0x08004b62   0x08004b62   0x00000010   Code   RO         1716    i._ZNSt11char_traitsIcE11eq_int_typeERKiS2_  cpp_ws.l(ios.o)
    0x08004b72   0x08004b72   0x0000000c   Code   RO         1443    i._ZNSt11char_traitsIcE4copyEPcPKcj  cpp_ws.l(ios.o)
    0x08004b7e   0x08004b7e   0x0000000c   Code   RO         1440    i._ZNSt11char_traitsIcE4moveEPcPKcj  cpp_ws.l(ios.o)
    0x08004b8a   0x08004b8a   0x0000001c   Code   RO         1446    i._ZNSt11char_traitsIcE7not_eofERKi  cpp_ws.l(ios.o)
    0x08004ba6   0x08004ba6   0x00000010   Code   RO         1719    i._ZNSt11char_traitsIwE11eq_int_typeERKiS2_  cpp_ws.l(ios.o)
    0x08004bb6   0x08004bb6   0x0000000c   Code   RO         1452    i._ZNSt11char_traitsIwE4moveEPwPKwj  cpp_ws.l(ios.o)
    0x08004bc2   0x08004bc2   0x0000001c   Code   RO         1455    i._ZNSt11char_traitsIwE7not_eofERKi  cpp_ws.l(ios.o)
    0x08004bde   0x08004bde   0x00000002   PAD
    0x08004be0   0x08004be0   0x000000cc   Code   RO         2533    i._ZNSt12ctype_bynameIcE17_C_get_mask_tableEPKc  cpp_ws.l(char.o)
    0x08004cac   0x08004cac   0x00000120   Code   RO         2535    i._ZNSt12ctype_bynameIcEC1EPKcj  cpp_ws.l(char.o)
    0x08004dcc   0x08004dcc   0x0000000e   Code   RO         2678    i._ZNSt12ctype_bynameIcED0Ev  cpp_ws.l(char.o)
    0x08004dda   0x08004dda   0x00000008   Code   RO         2675    i._ZNSt12ctype_bynameIcED1Ev  cpp_ws.l(char.o)
    0x08004de2   0x08004de2   0x00000002   PAD
    0x08004de4   0x08004de4   0x00000084   Code   RO         2139    i._ZNSt14__rw_exception10_C_vformatEiSt9__va_list  cpp_ws.l(rwstdexcept.o)
    0x08004e68   0x08004e68   0x00000014   Code   RO         2192    i._ZNSt14__rw_exceptionC1Ev  cpp_ws.l(rwstdexcept.o)
    0x08004e7c   0x08004e7c   0x0000001c   Code   RO         2215    i._ZNSt14__rw_exceptionD1Ev  cpp_ws.l(rwstdexcept.o)
    0x08004e98   0x08004e98   0x00000008   Code   RO         2189    i._ZNSt18__rw_messages_baseD1Ev  cpp_ws.l(rwstdexcept.o)
    0x08004ea0   0x08004ea0   0x0000001a   Code   RO         2876    i._ZNSt18__rw_open_cat_dataC1Ev  cpp_ws.l(messages.o)
    0x08004eba   0x08004eba   0x0000000c   Code   RO         2873    i._ZNSt18__rw_open_cat_dataD1Ev  cpp_ws.l(messages.o)
    0x08004ec6   0x08004ec6   0x00000012   Code   RO         2879    i._ZNSt18__rw_open_cat_dataaSERKS_  cpp_ws.l(messages.o)
    0x08004ed8   0x08004ed8   0x000000fa   Code   RO         2537    i._ZNSt5ctypeIcE12_C_initfacetERKSt6locale  cpp_ws.l(char.o)
    0x08004fd2   0x08004fd2   0x00000002   PAD
    0x08004fd4   0x08004fd4   0x00000118   Code   RO         2539    i._ZNSt5ctypeIcEC1EPKNSt10ctype_base4maskEbj  cpp_ws.l(char.o)
    0x080050ec   0x080050ec   0x0000000e   Code   RO         2622    i._ZNSt5ctypeIcED0Ev  cpp_ws.l(char.o)
    0x080050fa   0x080050fa   0x00000002   PAD
    0x080050fc   0x080050fc   0x0000002c   Code   RO         2584    i._ZNSt5ctypeIcED1Ev  cpp_ws.l(char.o)
    0x08005128   0x08005128   0x00000018   Code   RO         1499    i._ZNSt5ctypeIwEC1Ej  cpp_ws.l(ios.o)
    0x08005140   0x08005140   0x0000000e   Code   RO         1875    i._ZNSt5ctypeIwED0Ev  cpp_ws.l(ios.o)
    0x0800514e   0x0800514e   0x00000008   Code   RO         1872    i._ZNSt5ctypeIwED1Ev  cpp_ws.l(ios.o)
    0x08005156   0x08005156   0x00000002   PAD
    0x08005158   0x08005158   0x00000014   Code   RO         1729    i._ZNSt6locale5facetC1Eji  cpp_ws.l(ios.o)
    0x0800516c   0x0800516c   0x0000000e   Code   RO         1830    i._ZNSt6locale5facetD0Ev  cpp_ws.l(ios.o)
    0x0800517a   0x0800517a   0x00000002   PAD
    0x0800517c   0x0800517c   0x00000084   Code   RO         2693    i._ZNSt6locale7_C_initEv  cpp_ws.l(locale.o)
    0x08005200   0x08005200   0x00000044   Code   RO         2695    i._ZNSt6locale7classicEv  cpp_ws.l(locale.o)
    0x08005244   0x08005244   0x00000020   Code   RO         2812    i._ZNSt6localeC1EPN4__rw15__rw_locale_impE  cpp_ws.l(locale.o)
    0x08005264   0x08005264   0x0000000c   Code   RO         1472    i._ZNSt6localeC1ERKS_  cpp_ws.l(ios.o)
    0x08005270   0x08005270   0x00000020   Code   RO         1468    i._ZNSt6localeC1Ev  cpp_ws.l(ios.o)
    0x08005290   0x08005290   0x00000020   Code   RO         1239    i._ZNSt6localeD1Ev  cpp_ws.l(ios.o)
    0x080052b0   0x080052b0   0x00000032   Code   RO         2703    i._ZNSt6localeaSERKS_  cpp_ws.l(locale.o)
    0x080052e2   0x080052e2   0x00000002   PAD
    0x080052e4   0x080052e4   0x00000014   Code   RO         1578    i._ZNSt7codecvtIccSt11__mbstate_tEC1Ej  cpp_ws.l(ios.o)
    0x080052f8   0x080052f8   0x0000000e   Code   RO         1932    i._ZNSt7codecvtIccSt11__mbstate_tED0Ev  cpp_ws.l(ios.o)
    0x08005306   0x08005306   0x00000008   Code   RO         1929    i._ZNSt7codecvtIccSt11__mbstate_tED1Ev  cpp_ws.l(ios.o)
    0x0800530e   0x0800530e   0x00000002   PAD
    0x08005310   0x08005310   0x00000014   Code   RO         1600    i._ZNSt7codecvtIwcSt11__mbstate_tEC1Ej  cpp_ws.l(ios.o)
    0x08005324   0x08005324   0x0000000e   Code   RO         1959    i._ZNSt7codecvtIwcSt11__mbstate_tED0Ev  cpp_ws.l(ios.o)
    0x08005332   0x08005332   0x00000008   Code   RO         1956    i._ZNSt7codecvtIwcSt11__mbstate_tED1Ev  cpp_ws.l(ios.o)
    0x0800533a   0x0800533a   0x00000002   PAD
    0x0800533c   0x0800533c   0x00000318   Code   RO         1138    i._ZNSt8ios_base4InitC1Ev  cpp_ws.l(ios.o)
    0x08005654   0x08005654   0x000000a8   Code   RO         1140    i._ZNSt8ios_base4InitD1Ev  cpp_ws.l(ios.o)
    0x080056fc   0x080056fc   0x00000024   Code   RO         1257    i._ZNSt8ios_baseC1Ev  cpp_ws.l(ios.o)
    0x08005720   0x08005720   0x0000000e   Code   RO         2201    i._ZNSt8messagesIcED0Ev  cpp_ws.l(rwstdexcept.o)
    0x0800572e   0x0800572e   0x00000010   Code   RO         2186    i._ZNSt8messagesIcED1Ev  cpp_ws.l(rwstdexcept.o)
    0x0800573e   0x0800573e   0x00000002   PAD
    0x08005740   0x08005740   0x0000000c   Code   RO         2917    i._ZNSt9exceptionC1Ev  cpprt_w.l(exception_ctor.o)
    0x0800574c   0x0800574c   0x0000003c   Code   RO         2857    i._ZSt13__rw_get_catsv  cpp_ws.l(messages.o)
    0x08005788   0x08005788   0x00000008   Code   RO         2885    i._ZdaPv            cpprt_w.l(array_del.o)
    0x08005790   0x08005790   0x00000008   Code   RO         2224    i._ZdlPv            cpprt_w.l(delete.o)
    0x08005798   0x08005798   0x00000008   Code   RO         2888    i._Znaj             cpprt_w.l(array_new.o)
    0x080057a0   0x080057a0   0x00000028   Code   RO         2892    i._Znwj             cpprt_w.l(new.o)
    0x080057c8   0x080057c8   0x00000092   Code   RO         3502    i.__ARM_array_new_general  cpprt_w.l(array_new_general.o)
    0x0800585a   0x0800585a   0x00000028   Code   RO         3522    i.__ARM_fpclassify  m_ws.l(fpclassify.o)
    0x08005882   0x08005882   0x00000010   Code   RO         3277    i.__aeabi_vec_dtor_cookie  cpprt_w.l(aeabi_vec_dtor_cookie.o)
    0x08005892   0x08005892   0x00000014   Code   RO         3274    i.__aeabi_vec_new_cookie  cpprt_w.l(aeabi_vec_new_cookie.o)
    0x080058a6   0x080058a6   0x00000010   Code   RO         2908    i.__cxa_guard_acquire  cpprt_w.l(cxa_guard_acquire.o)
    0x080058b6   0x080058b6   0x00000002   PAD
    0x080058b8   0x080058b8   0x00000018   Code   RO         3417    i.__cxa_vec_new     cpprt_w.l(cxa_vec_new.o)
    0x080058d0   0x080058d0   0x0000000e   Code   RO         3607    i.__mathlib_dbl_overflow  m_ws.l(dunder.o)
    0x080058de   0x080058de   0x00000002   PAD
    0x080058e0   0x080058e0   0x00000010   Code   RO         3609    i.__mathlib_dbl_underflow  m_ws.l(dunder.o)
    0x080058f0   0x080058f0   0x00000010   Code   RO         3524    i.__mathlib_narrow  m_ws.l(narrow.o)
    0x08005900   0x08005900   0x000000bc   Code   RO         3525    i.__mathlib_tofloat  m_ws.l(narrow.o)
    0x080059bc   0x080059bc   0x00000010   Code   RO         2704    i.__sti___10_locale_cpp_ff99fc7b  cpp_ws.l(locale.o)
    0x080059cc   0x080059cc   0x00000038   Code   RO         3171    i.__sti___10_rwcats_cpp_64e8068e  cpp_ws.l(rwcats.o)
    0x08005a04   0x08005a04   0x00000010   Code   RO         2541    i.__sti___8_char_cpp_a3dc957a  cpp_ws.l(char.o)
    0x08005a14   0x08005a14   0x00000020   Code   RO           66    i.__sti___8_main_cpp_DS18B20  main.o
    0x08005a34   0x08005a34   0x00000016   Code   RO         3590    i.__support_ldexp   m_ws.l(ldexp.o)
    0x08005a4a   0x08005a4a   0x0000000e   Code   RO         1097    i._is_digit         c_w.l(__printf_wp.o)
    0x08005a58   0x08005a58   0x0000001c   Code   RO         1002    i.fputc             usart.o
    0x08005a74   0x08005a74   0x00000058   Code   RO         3565    i.frexp             m_ws.l(frexp.o)
    0x08005acc   0x08005acc   0x00000074   Code   RO         3591    i.ldexp             m_ws.l(ldexp.o)
    0x08005b40   0x08005b40   0x00000004   Code   RO           67    i.main              main.o
    0x08005b44   0x08005b44   0x0000002c   Code   RO         3380    locale$$code        c_w.l(lc_ctype_c.o)
    0x08005b70   0x08005b70   0x0000002c   Code   RO         3490    locale$$code        c_w.l(lc_numeric_c.o)
    0x08005b9c   0x08005b9c   0x00000014   Code   RO          170    t._ZN4__rw12__string_refIcSt11char_traitsIcESaIcEE10_C_inc_refEv  main.o
    0x08005bb0   0x08005bb0   0x00000046   Code   RO         1531    t._ZN4__rw16__rw_facet_makerISt5ctypeIcEE13_C_maker_funcEiPKcj  cpp_ws.l(ios.o)
    0x08005bf6   0x08005bf6   0x00000002   PAD
    0x08005bf8   0x08005bf8   0x00000034   Code   RO         1504    t._ZN4__rw16__rw_facet_makerISt5ctypeIwEE13_C_maker_funcEiPKcj  cpp_ws.l(ios.o)
    0x08005c2c   0x08005c2c   0x00000034   Code   RO         1744    t._ZN4__rw16__rw_facet_makerISt7codecvtIccSt11__mbstate_tEE13_C_maker_funcEiPKcj  cpp_ws.l(ios.o)
    0x08005c60   0x08005c60   0x00000034   Code   RO         1753    t._ZN4__rw16__rw_facet_makerISt7codecvtIwcSt11__mbstate_tEE13_C_maker_funcEiPKcj  cpp_ws.l(ios.o)
    0x08005c94   0x08005c94   0x00000056   Code   RO         2800    t._ZN4__rw18__rw_locale_vectorIPNS_15__rw_facet_baseEE6resizeEjRKS2_  cpp_ws.l(locale.o)
    0x08005cea   0x08005cea   0x0000000e   Code   RO         1722    t._ZN4__rw18__rw_locale_vectorIPNS_15__rw_facet_baseEED1Ev  cpp_ws.l(ios.o)
    0x08005cf8   0x08005cf8   0x0000000e   Code   RO         3187    t._ZN4__rw18__rw_locale_vectorIPNS_8__rw_catEED1Ev  cpp_ws.l(rwcats.o)
    0x08005d06   0x08005d06   0x00000002   PAD
    0x08005d08   0x08005d08   0x00000014   Code   RO         1725    t._ZN4__rw18__rw_locale_vectorISsED1Ev  cpp_ws.l(ios.o)
    0x08005d1c   0x08005d1c   0x00000088   Code   RO         2863    t._ZN4__rw18__rw_locale_vectorISt18__rw_open_cat_dataE6resizeEj  cpp_ws.l(messages.o)
    0x08005da4   0x08005da4   0x00000014   Code   RO         2869    t._ZN4__rw18__rw_locale_vectorISt18__rw_open_cat_dataED1Ev  cpp_ws.l(messages.o)
    0x08005db8   0x08005db8   0x00000016   Code   RO         1260    t._ZN4__rw23__rw_create_named_facetISt5ctypeIwEEEPT_S4_PKcj  cpp_ws.l(ios.o)
    0x08005dce   0x08005dce   0x00000016   Code   RO         1332    t._ZN4__rw23__rw_create_named_facetISt7codecvtIccSt11__mbstate_tEEEPT_S5_PKcj  cpp_ws.l(ios.o)
    0x08005de4   0x08005de4   0x00000016   Code   RO         1385    t._ZN4__rw23__rw_create_named_facetISt7codecvtIwcSt11__mbstate_tEEEPT_S5_PKcj  cpp_ws.l(ios.o)
    0x08005dfa   0x08005dfa   0x00000006   Code   RO         1662    t._ZNKSt13basic_filebufIcSt11char_traitsIcEE7is_openEv  cpp_ws.l(ios.o)
    0x08005e00   0x08005e00   0x00000006   Code   RO         1703    t._ZNKSt13basic_filebufIwSt11char_traitsIwEE7is_openEv  cpp_ws.l(ios.o)
    0x08005e06   0x08005e06   0x00000014   Code   RO         1629    t._ZNKSt15basic_streambufIcSt11char_traitsIcEE9_C_is_eofEi  cpp_ws.l(ios.o)
    0x08005e1a   0x08005e1a   0x00000014   Code   RO         1691    t._ZNKSt15basic_streambufIwSt11char_traitsIwEE9_C_is_eofEi  cpp_ws.l(ios.o)
    0x08005e2e   0x08005e2e   0x00000010   Code   RO         1650    t._ZNKSt4fposISt11__mbstate_tEeqERKS1_  cpp_ws.l(ios.o)
    0x08005e3e   0x08005e3e   0x0000001c   Code   RO         1647    t._ZNKSt4fposISt11__mbstate_tEplEl  cpp_ws.l(ios.o)
    0x08005e5a   0x08005e5a   0x00000002   PAD
    0x08005e5c   0x08005e5c   0x00000090   Code   RO         2180    t._ZNKSt8messagesIcE6do_getEiiiRKSs  cpp_ws.l(rwstdexcept.o)
    0x08005eec   0x08005eec   0x00000006   Code   RO         2195    t._ZNKSt8messagesIcE7do_openERKSsRKSt6locale  cpp_ws.l(rwstdexcept.o)
    0x08005ef2   0x08005ef2   0x00000002   PAD
    0x08005ef4   0x08005ef4   0x00000034   Code   RO         1298    t._ZNSoC1EPSt15basic_streambufIcSt11char_traitsIcEE  cpp_ws.l(ios.o)
    0x08005f28   0x08005f28   0x00000032   Code   RO         2772    t._ZNSs11_C_allocateEjjj  cpp_ws.l(locale.o)
    0x08005f5a   0x08005f5a   0x00000018   Code   RO         2809    t._ZNSs7replaceEjjPKcj  cpp_ws.l(locale.o)
    0x08005f72   0x08005f72   0x00000002   PAD
    0x08005f74   0x08005f74   0x00000168   Code   RO         1232    t._ZNSs7replaceEjjPKcjjj  cpp_ws.l(ios.o)
    0x080060dc   0x080060dc   0x00000074   Code   RO         1223    t._ZNSs9_C_getRepEjj  cpp_ws.l(ios.o)
    0x08006150   0x08006150   0x00000048   Code   RO         1229    t._ZNSs9_C_unlinkEv  cpp_ws.l(ios.o)
    0x08006198   0x08006198   0x00000038   Code   RO         2775    t._ZNSsC1EPKcRKSaIcE  cpp_ws.l(locale.o)
    0x080061d0   0x080061d0   0x00000010   Code   RO         2806    t._ZNSsC1ERKSaIcE   cpp_ws.l(locale.o)
    0x080061e0   0x080061e0   0x0000003e   Code   RO         1226    t._ZNSsC1ERKSs      cpp_ws.l(ios.o)
    0x0800621e   0x0800621e   0x0000000c   Code   RO         1464    t._ZNSsD1Ev         cpp_ws.l(ios.o)
    0x0800622a   0x0800622a   0x00000002   PAD
    0x0800622c   0x0800622c   0x0000004c   Code   RO         2781    t._ZNSsaSEPKc       cpp_ws.l(locale.o)
    0x08006278   0x08006278   0x0000003e   Code   RO         2778    t._ZNSsaSERKSs      cpp_ws.l(locale.o)
    0x080062b6   0x080062b6   0x00000020   Code   RO         1672    t._ZNSt13basic_filebufIcSt11char_traitsIcEE12_C_file_seekEli  cpp_ws.l(ios.o)
    0x080062d6   0x080062d6   0x00000122   Code   RO         1374    t._ZNSt13basic_filebufIcSt11char_traitsIcEE4syncEv  cpp_ws.l(ios.o)
    0x080063f8   0x080063f8   0x00000072   Code   RO         1304    t._ZNSt13basic_filebufIcSt11char_traitsIcEE6setbufEPcl  cpp_ws.l(ios.o)
    0x0800646a   0x0800646a   0x0000016e   Code   RO         1359    t._ZNSt13basic_filebufIcSt11char_traitsIcEE8overflowEi  cpp_ws.l(ios.o)
    0x080065d8   0x080065d8   0x00000074   Code   RO         1308    t._ZNSt13basic_filebufIcSt11char_traitsIcEEC1EPSt6__FILEPcl  cpp_ws.l(ios.o)
    0x0800664c   0x0800664c   0x00000020   Code   RO         1713    t._ZNSt13basic_filebufIwSt11char_traitsIwEE12_C_file_seekEli  cpp_ws.l(ios.o)
    0x0800666c   0x0800666c   0x0000012a   Code   RO         1427    t._ZNSt13basic_filebufIwSt11char_traitsIwEE4syncEv  cpp_ws.l(ios.o)
    0x08006796   0x08006796   0x0000006e   Code   RO         1280    t._ZNSt13basic_filebufIwSt11char_traitsIwEE6setbufEPwl  cpp_ws.l(ios.o)
    0x08006804   0x08006804   0x00000172   Code   RO         1412    t._ZNSt13basic_filebufIwSt11char_traitsIwEE8overflowEi  cpp_ws.l(ios.o)
    0x08006976   0x08006976   0x00000002   PAD
    0x08006978   0x08006978   0x00000074   Code   RO         1284    t._ZNSt13basic_filebufIwSt11char_traitsIwEEC1EPSt6__FILEPwl  cpp_ws.l(ios.o)
    0x080069ec   0x080069ec   0x00000034   Code   RO         1274    t._ZNSt13basic_ostreamIwSt11char_traitsIwEEC1EPSt15basic_streambufIwS1_E  cpp_ws.l(ios.o)
    0x08006a20   0x08006a20   0x00000012   Code   RO         1546    t._ZNSt15basic_streambufIcSt11char_traitsIcEE10_C_own_bufEb  cpp_ws.l(ios.o)
    0x08006a32   0x08006a32   0x00000012   Code   RO         1635    t._ZNSt15basic_streambufIcSt11char_traitsIcEE11_C_out_lastEb  cpp_ws.l(ios.o)
    0x08006a44   0x08006a44   0x00000012   Code   RO         1543    t._ZNSt15basic_streambufIcSt11char_traitsIcEE17_C_set_unbufferedEb  cpp_ws.l(ios.o)
    0x08006a56   0x08006a56   0x00000020   Code   RO         1325    t._ZNSt15basic_streambufIcSt11char_traitsIcEE5sputcEc  cpp_ws.l(ios.o)
    0x08006a76   0x08006a76   0x00000002   Code   RO         1977    t._ZNSt15basic_streambufIcSt11char_traitsIcEE6setbufEPcl  cpp_ws.l(ios.o)
    0x08006a78   0x08006a78   0x00000006   Code   RO         1996    t._ZNSt15basic_streambufIcSt11char_traitsIcEE8overflowEi  cpp_ws.l(ios.o)
    0x08006a7e   0x08006a7e   0x00000006   Code   RO         1553    t._ZNSt15basic_streambufIcSt11char_traitsIcEE9pubsetbufEPcl  cpp_ws.l(ios.o)
    0x08006a84   0x08006a84   0x00000012   Code   RO         1519    t._ZNSt15basic_streambufIwSt11char_traitsIwEE10_C_own_bufEb  cpp_ws.l(ios.o)
    0x08006a96   0x08006a96   0x00000012   Code   RO         1697    t._ZNSt15basic_streambufIwSt11char_traitsIwEE11_C_out_lastEb  cpp_ws.l(ios.o)
    0x08006aa8   0x08006aa8   0x00000012   Code   RO         1516    t._ZNSt15basic_streambufIwSt11char_traitsIwEE17_C_set_unbufferedEb  cpp_ws.l(ios.o)
    0x08006aba   0x08006aba   0x00000022   Code   RO         1381    t._ZNSt15basic_streambufIwSt11char_traitsIwEE5sputcEw  cpp_ws.l(ios.o)
    0x08006adc   0x08006adc   0x00000002   Code   RO         2023    t._ZNSt15basic_streambufIwSt11char_traitsIwEE6setbufEPwl  cpp_ws.l(ios.o)
    0x08006ade   0x08006ade   0x00000006   Code   RO         2042    t._ZNSt15basic_streambufIwSt11char_traitsIwEE8overflowEi  cpp_ws.l(ios.o)
    0x08006ae4   0x08006ae4   0x00000006   Code   RO         1549    t._ZNSt15basic_streambufIwSt11char_traitsIwEE9pubsetbufEPwl  cpp_ws.l(ios.o)
    0x08006aea   0x08006aea   0x0000000e   Code   RO         1638    t._ZNSt4fposISt11__mbstate_tEC1ERKS1_  cpp_ws.l(ios.o)
    0x08006af8   0x08006af8   0x0000000a   Code   RO         1522    t._ZNSt4fposISt11__mbstate_tEC1El  cpp_ws.l(ios.o)
    0x08006b02   0x08006b02   0x00000012   Code   RO         1641    t._ZNSt4fposISt11__mbstate_tEaSERKS1_  cpp_ws.l(ios.o)
    0x08006b14   0x08006b14   0x00000008   Code   RO         1735    t._ZNSt4fposISt11__mbstate_tEpLEl  cpp_ws.l(ios.o)
    0x08006b1c   0x08006b1c   0x0000005c   Code   RO         1290    t._ZNSt9basic_iosIcSt11char_traitsIcEE4initEPSt15basic_streambufIcS1_E  cpp_ws.l(ios.o)
    0x08006b78   0x08006b78   0x00000010   Code   RO         1537    t._ZNSt9basic_iosIcSt11char_traitsIcEEC1Ev  cpp_ws.l(ios.o)
    0x08006b88   0x08006b88   0x0000005c   Code   RO         1266    t._ZNSt9basic_iosIwSt11char_traitsIwEE4initEPSt15basic_streambufIwS1_E  cpp_ws.l(ios.o)
    0x08006be4   0x08006be4   0x00000010   Code   RO         1510    t._ZNSt9basic_iosIwSt11char_traitsIwEEC1Ev  cpp_ws.l(ios.o)
    0x08006bf4   0x08006bf4   0x0000000c   Code   RO         2616    t._ZSt3maxIjERKT_S2_S2_  cpp_ws.l(char.o)
    0x08006c00   0x08006c00   0x0000001c   Code   RO         1659    t._ZSt9use_facetISt7codecvtIccSt11__mbstate_tEERKT_RKSt6locale  cpp_ws.l(ios.o)
    0x08006c1c   0x08006c1c   0x0000001c   Code   RO         1700    t._ZSt9use_facetISt7codecvtIwcSt11__mbstate_tEERKT_RKSt6locale  cpp_ws.l(ios.o)
    0x08006c38   0x08006c38   0x00000062   Code   RO         3560    x$fpl$d2f           fz_ws.l(d2f.o)
    0x08006c9a   0x08006c9a   0x00000002   PAD
    0x08006c9c   0x08006c9c   0x00000010   Code   RO         3601    x$fpl$dcheck1       fz_ws.l(dcheck1.o)
    0x08006cac   0x08006cac   0x00000018   Code   RO         3508    x$fpl$dcmpinf       fz_ws.l(dcmpi.o)
    0x08006cc4   0x08006cc4   0x00000078   Code   RO         3436    x$fpl$deqf          fz_ws.l(deqf.o)
    0x08006d3c   0x08006d3c   0x00000078   Code   RO         3438    x$fpl$dleqf         fz_ws.l(dleqf.o)
    0x08006db4   0x08006db4   0x0000009c   Code   RO         2958    x$fpl$dnaninf       fz_ws.l(dnaninf.o)
    0x08006e50   0x08006e50   0x0000006c   Code   RO         3562    x$fpl$drleqf        fz_ws.l(drleqf.o)
    0x08006ebc   0x08006ebc   0x0000000a   Code   RO         3585    x$fpl$fretinf       fz_ws.l(fretinf.o)
    0x08006ec6   0x08006ec6   0x00000006   Code   RO         3514    x$fpl$ieeestatus    fz_ws.l(istatus.o)
    0x08006ecc   0x08006ecc   0x00000004   Code   RO         3301    x$fpl$printf1       fz_ws.l(printf1.o)
    0x08006ed0   0x08006ed0   0x00000004   Code   RO         3303    x$fpl$printf2       fz_ws.l(printf2.o)
    0x08006ed4   0x08006ed4   0x00000064   Code   RO         3628    x$fpl$retnan        fz_ws.l(retnan.o)
    0x08006f38   0x08006f38   0x0000005c   Code   RO         3587    x$fpl$scalbn        fz_ws.l(scalbn.o)
    0x08006f94   0x08006f94   0x00000004   Code   RO         3309    x$fpl$scanf1        fz_ws.l(scanf1.o)
    0x08006f98   0x08006f98   0x00000008   Code   RO         3516    x$fpl$scanf2        fz_ws.l(scanf2.o)
    0x08006fa0   0x08006fa0   0x00000030   Code   RO         3630    x$fpl$trapveneer    fz_ws.l(trapv.o)
    0x08006fd0   0x08006fd0   0x00000000   Code   RO         2964    x$fpl$usenofp       fz_ws.l(usenofp.o)
    0x08006fd0   0x08006fd0   0x00000011   Data   RO         1105    .constdata          c_w.l(__printf_flags_ss_wp.o)
    0x08006fe1   0x08006fe1   0x00000003   PAD
    0x08006fe4   0x08006fe4   0x0000005c   Data   RO         2159    .constdata          cpp_ws.l(rwstdexcept.o)
    0x08007040   0x08007040   0x00000200   Data   RO         2561    .constdata          cpp_ws.l(char.o)
    0x08007240   0x08007240   0x00000004   Data   RO         2966    .constdata          c_w.l(sys_io.o)
    0x08007244   0x08007244   0x00000004   Data   RO         2967    .constdata          c_w.l(sys_io.o)
    0x08007248   0x08007248   0x00000004   Data   RO         2968    .constdata          c_w.l(sys_io.o)
    0x0800724c   0x0800724c   0x00000008   Data   RO         3040    .constdata          c_w.l(_printf_wctomb.o)
    0x08007254   0x08007254   0x00000028   Data   RO         3069    .constdata          c_w.l(_printf_hex_int_ll_ptr.o)
    0x0800727c   0x0800727c   0x00000026   Data   RO         3347    .constdata          c_w.l(_printf_fp_hex.o)
    0x080072a2   0x080072a2   0x00000002   PAD
    0x080072a4   0x080072a4   0x00000094   Data   RO         3449    .constdata          c_w.l(bigflt0.o)
    0x08007338   0x08007338   0x00000014   Data   RO         1763    .constdata__ZTVNSt6locale5facetE  cpp_ws.l(ios.o)
    0x0800734c   0x0800734c   0x00000008   Data   RO         1778    .constdata__ZTVSi   cpp_ws.l(ios.o)
    0x08007354   0x08007354   0x00000028   Data   RO         1780    .constdata__ZTVSi   cpp_ws.l(ios.o)
    0x0800737c   0x0800737c   0x00000008   Data   RO         1781    .constdata__ZTVSo   cpp_ws.l(ios.o)
    0x08007384   0x08007384   0x00000028   Data   RO         1783    .constdata__ZTVSo   cpp_ws.l(ios.o)
    0x080073ac   0x080073ac   0x00000034   Data   RO         2660    .constdata__ZTVSt12ctype_bynameIcE  cpp_ws.l(char.o)
    0x080073e0   0x080073e0   0x00000040   Data   RO         1216    .constdata__ZTVSt13basic_filebufIcSt11char_traitsIcEE  cpp_ws.l(ios.o)
    0x08007420   0x08007420   0x00000040   Data   RO         1218    .constdata__ZTVSt13basic_filebufIwSt11char_traitsIwEE  cpp_ws.l(ios.o)
    0x08007460   0x08007460   0x00000008   Data   RO         1786    .constdata__ZTVSt13basic_istreamIwSt11char_traitsIwEE  cpp_ws.l(ios.o)
    0x08007468   0x08007468   0x00000028   Data   RO         1788    .constdata__ZTVSt13basic_istreamIwSt11char_traitsIwEE  cpp_ws.l(ios.o)
    0x08007490   0x08007490   0x00000008   Data   RO         1789    .constdata__ZTVSt13basic_ostreamIwSt11char_traitsIwEE  cpp_ws.l(ios.o)
    0x08007498   0x08007498   0x00000028   Data   RO         1791    .constdata__ZTVSt13basic_ostreamIwSt11char_traitsIwEE  cpp_ws.l(ios.o)
    0x080074c0   0x080074c0   0x00000014   Data   RO         2205    .constdata__ZTVSt14__rw_exception  cpp_ws.l(rwstdexcept.o)
    0x080074d4   0x080074d4   0x00000040   Data   RO         1777    .constdata__ZTVSt15basic_streambufIcSt11char_traitsIcEE  cpp_ws.l(ios.o)
    0x08007514   0x08007514   0x00000040   Data   RO         1785    .constdata__ZTVSt15basic_streambufIwSt11char_traitsIwEE  cpp_ws.l(ios.o)
    0x08007554   0x08007554   0x00000034   Data   RO         2572    .constdata__ZTVSt5ctypeIcE  cpp_ws.l(char.o)
    0x08007588   0x08007588   0x00000044   Data   RO         1767    .constdata__ZTVSt5ctypeIwE  cpp_ws.l(ios.o)
    0x080075cc   0x080075cc   0x00000030   Data   RO         1773    .constdata__ZTVSt7codecvtIccSt11__mbstate_tE  cpp_ws.l(ios.o)
    0x080075fc   0x080075fc   0x00000030   Data   RO         1775    .constdata__ZTVSt7codecvtIwcSt11__mbstate_tE  cpp_ws.l(ios.o)
    0x0800762c   0x0800762c   0x00000010   Data   RO         1765    .constdata__ZTVSt8ios_base  cpp_ws.l(ios.o)
    0x0800763c   0x0800763c   0x00000020   Data   RO         2172    .constdata__ZTVSt8messagesIcE  cpp_ws.l(rwstdexcept.o)
    0x0800765c   0x0800765c   0x00000010   Data   RO         1769    .constdata__ZTVSt9basic_iosIcSt11char_traitsIcEE  cpp_ws.l(ios.o)
    0x0800766c   0x0800766c   0x00000010   Data   RO         1771    .constdata__ZTVSt9basic_iosIwSt11char_traitsIwEE  cpp_ws.l(ios.o)
    0x0800767c   0x0800767c   0x00000014   Data   RO         2927    .constdata__ZTVSt9exception  cpprt_w.l(exception_dtor.o)
    0x08007690   0x08007690   0x00000001   Data   RO         1219    .constdata__ZZN4__rw24__rw_create_native_facetISt5ctypeIwEEEPT_S4_Es  cpp_ws.l(ios.o)
    0x08007691   0x08007691   0x00000001   Data   RO         1220    .constdata__ZZN4__rw24__rw_create_native_facetISt7codecvtIccSt11__mbstate_tEEEPT_S5_Es  cpp_ws.l(ios.o)
    0x08007692   0x08007692   0x00000001   Data   RO         1221    .constdata__ZZN4__rw24__rw_create_native_facetISt7codecvtIwcSt11__mbstate_tEEEPT_S5_Es  cpp_ws.l(ios.o)
    0x08007693   0x08007693   0x00000001   Data   RO         2769    .constdata__ZZNK4__rw15__rw_locale_imp16_C_category_nameEiEs  cpp_ws.l(locale.o)
    0x08007694   0x08007694   0x00000001   Data   RO           92    .constdata__ZZNSs7replaceEjjPKcjjjEs  main.o
    0x08007695   0x08007695   0x00000001   Data   RO           93    .constdata__ZZNSs9_C_getRepEjjEs  main.o
    0x08007696   0x08007696   0x00000002   Data   RO         2173    .constdata__ZZNSt8messagesIcEC1EjEs  cpp_ws.l(rwstdexcept.o)
    0x08007698   0x08007698   0x00000272   Data   RO         2160    .conststring        cpp_ws.l(rwstdexcept.o)
    0x0800790a   0x0800790a   0x00000002   PAD
    0x0800790c   0x0800790c   0x00000020   Data   RO         3632    Region$$Table       anon$$obj.o
    0x0800792c   0x0800792c   0x00000008   Data   RO         3510    c$$dinf             fz_ws.l(fpconst.o)
    0x08007934   0x08007934   0x00000008   Data   RO         3513    c$$dmax             fz_ws.l(fpconst.o)
    0x0800793c   0x0800793c   0x00000110   Data   RO         3379    locale$$data        c_w.l(lc_ctype_c.o)
    0x08007a4c   0x08007a4c   0x00000010   Data   RO         3485    locale$$data        c_w.l(null_locale.o)
    0x08007a5c   0x08007a5c   0x0000001c   Data   RO         3489    locale$$data        c_w.l(lc_numeric_c.o)
    0x08007a78   0x08007a78   0x00000004   Data   RO           73    .init_array         main.o
    0x08007a7c   0x08007a78   0x00000000   Data   RO         1127    .init_array         c_w.l(init_aeabi.o)
    0x08007a7c   0x08007a78   0x00000004   Data   RO         2563    .init_array         cpp_ws.l(char.o)
    0x08007a80   0x08007a78   0x00000004   Data   RO         2752    .init_array         cpp_ws.l(locale.o)
    0x08007a84   0x08007a78   0x00000004   Data   RO         3181    .init_array         cpp_ws.l(rwcats.o)


    Execution Region RW_IRAM1 (Exec base: 0x20000000, Load base: 0x08007a88, Size: 0x000029d0, Max: 0x0000c000, ABSOLUTE)

    Exec Addr    Load Addr    Size         Type   Attr      Idx    E Section Name        Object

    0x20000000   0x08007a88   0x00000015   Data   RW           72    .data               main.o
    0x20000015   0x08007a9d   0x00000003   PAD
    0x20000018   0x08007aa0   0x00000015   Data   RW         1004    .data               usart.o
    0x2000002d   0x08007ab5   0x00000003   PAD
    0x20000030   0x08007ab8   0x0000000c   Data   RW         1198    .data               cpp_ws.l(ios.o)
    0x2000003c   0x08007ac4   0x00000017   Data   RW         2161    .data               cpp_ws.l(rwstdexcept.o)
    0x20000053   0x08007adb   0x00000001   PAD
    0x20000054   0x08007adc   0x00000004   Data   RW         2446    .data               c_w.l(stdio_streams.o)
    0x20000058   0x08007ae0   0x00000004   Data   RW         2447    .data               c_w.l(stdio_streams.o)
    0x2000005c   0x08007ae4   0x00000004   Data   RW         2448    .data               c_w.l(stdio_streams.o)
    0x20000060   0x08007ae8   0x00000008   Data   RW         2562    .data               cpp_ws.l(char.o)
    0x20000068   0x08007af0   0x0000001c   Data   RW         2751    .data               cpp_ws.l(locale.o)
    0x20000084   0x08007b0c   0x00000004   Data   RW         2884    .data               cpp_ws.l(rwthrowproc_noex.o)
    0x20000088   0x08007b10   0x00000008   Data   RW         3180    .data               cpp_ws.l(rwcats.o)
    0x20000090   0x08007b18   0x00000004   Data   RW         2833    .data__ZZNKSt6locale2id7_C_initEvE9_C_id_gen  cpp_ws.l(locale.o)
    0x20000094   0x08007b1c   0x0000000c   Data   RW         2882    .data__ZZSt13__rw_get_catsvE11__open_cats  cpp_ws.l(messages.o)
    0x200000a0        -       0x0000044c   Zero   RW         1003    .bss                usart.o
    0x200004ec   0x08007b28   0x00000004   PAD
    0x200004f0        -       0x00001d30   Zero   RW         1158    .bss                cpp_ws.l(ios.o)
    0x20002220        -       0x00000018   Zero   RW         2158    .bss                cpp_ws.l(rwstdexcept.o)
    0x20002238        -       0x00000054   Zero   RW         2443    .bss                c_w.l(stdio_streams.o)
    0x2000228c        -       0x00000054   Zero   RW         2444    .bss                c_w.l(stdio_streams.o)
    0x200022e0        -       0x00000054   Zero   RW         2445    .bss                c_w.l(stdio_streams.o)
    0x20002334        -       0x00000060   Zero   RW         2973    .bss                c_w.l(libspace.o)
    0x20002394        -       0x0000002a   Zero   RW         3121    .bss                c_w.l(locale.o)
    0x200023be   0x08007b28   0x00000002   PAD
    0x200023c0        -       0x00000010   Zero   RW         3254    .bss__ZNSs9__nullrefE  cpp_ws.l(vendor.o)
    0x200023d0        -       0x00000200   Zero   RW           18    HEAP                startup_stm32f10x_hd.o
    0x200025d0        -       0x00000400   Zero   RW           17    STACK               startup_stm32f10x_hd.o


==============================================================================

Image component sizes


      Code (inc. data)   RO Data    RW Data    ZI Data      Debug   Object Name

         0          0          0          0          0       4532   core_cm3.o
         0          0          0          0          0     203152   delay.o
         0          0          0          0          0       1760   esp8266.o
        56         18          6         21          0     274151   main.o
        64         26        304          0       1536        816   startup_stm32f10x_hd.o
         2          0          0          0          0        510   sys.o
       328         28          0          0          0       2245   system_stm32f10x.o
       188         34          0          0          0       1622   timer.o
       316         66          0         21       1100       3580   usart.o

    ----------------------------------------------------------------------
       956        172        342         48       2640     492368   Object Totals
         0          0         32          0          0          0   (incl. Generated)
         2          0          0          6          4          0   (incl. Padding)

    ----------------------------------------------------------------------

      Code (inc. data)   RO Data    RW Data    ZI Data      Debug   Library Member Name

         8          0          0          0          0         68   __main.o
       392          4         17          0          0         92   __printf_flags_ss_wp.o
        14          0          0          0          0         68   __printf_wp.o
         0          0          0          0          0          0   __rtentry.o
        12          0          0          0          0          0   __rtentry2.o
         6          0          0          0          0          0   __rtentry4.o
        52          8          0          0          0          0   __scatter.o
        26          0          0          0          0          0   __scatter_copy.o
        28          0          0          0          0          0   __scatter_zi.o
        28          0          0          0          0         68   _chval.o
        60          0          0          0          0         92   _mbrtowc.o
         6          0          0          0          0          0   _printf_a.o
         6          0          0          0          0          0   _printf_c.o
        44          0          0          0          0        108   _printf_char.o
        48          6          0          0          0         96   _printf_char_common.o
        36          4          0          0          0         80   _printf_char_file.o
        40          0          0          0          0         68   _printf_charcount.o
         6          0          0          0          0          0   _printf_d.o
       120         16          0          0          0         92   _printf_dec.o
         6          0          0          0          0          0   _printf_e.o
         6          0          0          0          0          0   _printf_f.o
      1054          0          0          0          0        216   _printf_fp_dec.o
       764          8         38          0          0        100   _printf_fp_hex.o
       128         16          0          0          0         84   _printf_fp_infnan.o
         6          0          0          0          0          0   _printf_g.o
       148          4         40          0          0        160   _printf_hex_int_ll_ptr.o
         6          0          0          0          0          0   _printf_i.o
       178          0          0          0          0         88   _printf_intcommon.o
        10          0          0          0          0          0   _printf_l.o
         6          0          0          0          0          0   _printf_lc.o
        10          0          0          0          0          0   _printf_ll.o
         6          0          0          0          0          0   _printf_lld.o
         6          0          0          0          0          0   _printf_lli.o
         6          0          0          0          0          0   _printf_llo.o
         6          0          0          0          0          0   _printf_llu.o
         6          0          0          0          0          0   _printf_llx.o
       124         16          0          0          0         92   _printf_longlong_dec.o
         6          0          0          0          0          0   _printf_ls.o
         6          0          0          0          0          0   _printf_n.o
         6          0          0          0          0          0   _printf_o.o
       112         10          0          0          0        124   _printf_oct_int_ll.o
         6          0          0          0          0          0   _printf_p.o
        78          0          0          0          0        108   _printf_pad.o
         0          0          0          0          0          0   _printf_percent.o
         4          0          0          0          0          0   _printf_percent_end.o
         6          0          0          0          0          0   _printf_s.o
        82          0          0          0          0         80   _printf_str.o
        36          0          0          0          0         84   _printf_truncate.o
         6          0          0          0          0          0   _printf_u.o
        44          0          0          0          0        108   _printf_wchar.o
       188          6          8          0          0         92   _printf_wctomb.o
         6          0          0          0          0          0   _printf_x.o
        22          0          0          0          0        100   _rserrno.o
       884          6          0          0          0        100   _scanf.o
       332          0          0          0          0         96   _scanf_int.o
       342          0          0          0          0        100   _scanf_longlong.o
       276          0          0          0          0        100   _scanf_mbtowc.o
       224          0          0          0          0         96   _scanf_str.o
        30          0          0          0          0         76   _scanf_wcharmap.o
       232          0          0          0          0        100   _scanf_wctomb.o
       208          0          0          0          0         96   _scanf_wstr.o
        64          0          0          0          0         84   _sgetc.o
        16          0          0          0          0         68   _snputc.o
        10          0          0          0          0         68   _sputc.o
        64          0          0          0          0         92   _wcrtomb.o
        22          0          0          0          0         80   abort.o
        46          0          0          0          0         84   aeabi_atexit.o
       228          4        148          0          0         96   bigflt0.o
      2152        136          0          0          0        960   btod.o
        66          0          0          0          0         84   cxa_finalize.o
        48         34          0          0          0         76   defsig_abrt_inner.o
        14          0          0          0          0         80   defsig_abrt_outer.o
        10          0          0          0          0         68   defsig_exit.o
        50          0          0          0          0         88   defsig_general.o
        80         58          0          0          0         76   defsig_rtmem_inner.o
        14          0          0          0          0         80   defsig_rtmem_outer.o
        52         38          0          0          0         76   defsig_rtred_inner.o
        14          0          0          0          0         80   defsig_rtred_outer.o
        18          0          0          0          0         80   exit.o
        76          0          0          0          0         88   fclose.o
         8          0          0          0          0         68   ferror.o
       236          4          0          0          0        128   fopen.o
        20          0          0          0          0         84   fprintf.o
       248          6          0          0          0         84   fseek.o
        66          0          0          0          0         76   ftell.o
        50          0          0          0          0         84   fwrite.o
        94          0          0          0          0         80   h1_alloc.o
        52          0          0          0          0         68   h1_extend.o
        78          0          0          0          0         80   h1_free.o
        14          0          0          0          0         84   h1_init.o
         6          0          0          0          0        152   heapauxi.o
         4          0          0          0          0        136   hguard.o
         0          0          0          0          0          0   indicate_semi.o
        36         10          0          0          0         80   init_aeabi.o
       138          0          0          0          0        168   init_alloc.o
       312         46          0          0          0        112   initio.o
        18          0          0          0          0         76   isspace.o
        44         10        272          0          0         76   lc_ctype_c.o
        44         10         28          0          0         76   lc_numeric_c.o
         2          0          0          0          0          0   libinit.o
        46          0          0          0          0          0   libinit2.o
         2          0          0          0          0          0   libshutdown.o
        12          0          0          0          0          0   libshutdown2.o
         8          4          0          0         96         68   libspace.o
        38          0          0          0          0         68   llshl.o
       138          0          0          0          0         80   lludiv10.o
        16          6          0          0         42         68   locale.o
       440          8          0          0          0        180   locale_r.o
         0          0          0          0          0          0   maybetermalloc1.o
         8          0          0          0          0         76   memcpy.o
         8          0          0          0          0         76   memmove.o
         0          0         16          0          0          0   null_locale.o
        16          4          0          0          0         76   rt_ctype_table.o
         8          4          0          0          0         68   rt_ddtor_pointer_addr_intlibspace.o
         8          4          0          0          0         68   rt_eh_globals_addr_intlibspace.o
         8          4          0          0          0         68   rt_errno_addr_intlibspace.o
         8          4          0          0          0         68   rt_heap_descriptor_intlibspace.o
         8          4          0          0          0         68   rt_locale_intlibspace.o
        78          0          0          0          0         80   rt_memclr_w.o
       138          0          0          0          0         68   rt_memcpy_v6.o
       100          0          0          0          0         80   rt_memcpy_w.o
       132          0          0          0          0         68   rt_memmove_v6.o
       122          0          0          0          0         80   rt_memmove_w.o
         8          4          0          0          0         68   rt_new_handler_addr_intlibspace.o
         2          0          0          0          0          0   rtexit.o
        10          0          0          0          0          0   rtexit2.o
        44          8          0          0          0         84   scanf_char.o
      1272         16          0          0          0        168   scanf_fp.o
       800         14          0          0          0        100   scanf_hexfp.o
       308         16          0          0          0        100   scanf_infnan.o
        70          0          0          0          0         80   setvbuf.o
        60          8          0          0          0         84   sscanf.o
       240          6          0          0          0        156   stdio.o
         0          0          0         12        252          0   stdio_streams.o
        24          0          0          0          0         68   strcat.o
       128          0          0          0          0         68   strcmpv7m.o
        72          0          0          0          0         80   strcpy.o
        62          0          0          0          0         76   strlen.o
        22          0          0          0          0         68   strrchr.o
        12          4          0          0          0         68   sys_exit.o
       102          0         12          0          0        240   sys_io.o
        74          0          0          0          0         80   sys_stackheap_outer.o
        14          0          0          0          0         76   sys_wrch.o
         2          0          0          0          0         68   use_no_semi.o
        52          4          0          0          0         80   vsnprintf.o
         6          0          0          0          0         68   wmemmove.o
      1172         46        620          8          0        996   char.o
      5236        258        683         12       7472       7668   ios.o
      1410         76          5         32          0       1456   locale.o
       470         34          0         12          0        716   messages.o
        36          0          0          0          0        144   rwalloc.o
       184         24          4          8          0        400   rwcats.o
       884         64        772         23         24        980   rwstdexcept.o
       152         94          0          0          0         72   rwthrowproc_impl_noex.o
         0          0          0          4          0          0   rwthrowproc_noex.o
         0          0          0          0         16          0   vendor.o
        28          0          0          0          0         84   ARM_vec_cleanup_noexceptions.o
        14          0          0          0          0         80   aeabi_vec_delete_noexceptions.o
        16          0          0          0          0         68   aeabi_vec_dtor_cookie.o
        34          0          0          0          0         84   aeabi_vec_dtor_noexceptions.o
        20          0          0          0          0         80   aeabi_vec_new_cookie.o
        80         12          0          0          0        104   arm_exceptions_globs.o
        60          0          0          0          0        108   arm_exceptions_mem.o
        26          0          0          0          0         76   arm_exceptions_terminate.o
         4          0          0          0          0         68   arm_newhandler_noexceptions.o
         2          0          0          0          0         68   arm_rethrow_noexceptions.o
         8          0          0          0          0         76   array_del.o
         8          0          0          0          0         76   array_new.o
       146          0          0          0          0         96   array_new_general.o
        16          0          0          0          0         68   cxa_guard_acquire.o
        24          6          0          0          0         84   cxa_vec_new.o
         8          0          0          0          0         76   delete.o
        12          6          0          0          0         68   exception_ctor.o
         0          0         20          0          0          0   exception_dtor.o
        40          6          0          0          0         76   new.o
        98          4          0          0          0         92   d2f.o
        16          4          0          0          0         68   dcheck1.o
        24          0          0          0          0         68   dcmpi.o
       120          4          0          0          0         92   deqf.o
       120          4          0          0          0         92   dleqf.o
       156          4          0          0          0         92   dnaninf.o
       108          0          0          0          0         80   drleqf.o
         0          0         16          0          0          0   fpconst.o
        10          0          0          0          0         68   fretinf.o
         6          0          0          0          0         68   istatus.o
         4          0          0          0          0         68   printf1.o
         4          0          0          0          0         68   printf2.o
       100          0          0          0          0         68   retnan.o
        92          0          0          0          0         68   scalbn.o
         4          0          0          0          0         68   scanf1.o
         8          0          0          0          0         84   scanf2.o
        48          0          0          0          0         68   trapv.o
         0          0          0          0          0          0   usenofp.o
        30          6          0          0          0        136   dunder.o
        40          0          0          0          0         68   fpclassify.o
        88          8          0          0          0         76   frexp.o
       138          0          0          0          0        160   ldexp.o
       204          4          0          0          0        168   narrow.o

    ----------------------------------------------------------------------
     27364       1248       2706        112       7904      26132   Library Totals
        72          2          7          1          2          0   (incl. Padding)

    ----------------------------------------------------------------------

      Code (inc. data)   RO Data    RW Data    ZI Data      Debug   Library Name

     15784        582        579         12        390      10440   c_w.l
      9544        596       2084         99       7512      12432   cpp_ws.l
       546         30         20          0          0       1440   cpprt_w.l
       918         20         16          0          0       1212   fz_ws.l
       500         18          0          0          0        608   m_ws.l

    ----------------------------------------------------------------------
     27364       1248       2706        112       7904      26132   Library Totals

    ----------------------------------------------------------------------

==============================================================================


      Code (inc. data)   RO Data    RW Data    ZI Data      Debug   

     28320       1420       3048        160      10544     501492   Grand Totals
     28320       1420       3048        160      10544     501492   ELF Image Totals
     28320       1420       3048        160          0          0   ROM Totals

==============================================================================

    Total RO  Size (Code + RO Data)                31368 (  30.63kB)
    Total RW  Size (RW Data + ZI Data)             10704 (  10.45kB)
    Total ROM Size (Code + RO Data + RW Data)      31528 (  30.79kB)

==============================================================================

