Component: ARM Compiler 5.06 update 7 (build 960) Tool: armlink [4d3601]

==============================================================================

Section Cross References

    startup_stm32f10x_md.o(STACK) refers (Special) to heapauxi.o(.text) for __use_two_region_memory
    startup_stm32f10x_md.o(HEAP) refers (Special) to heapauxi.o(.text) for __use_two_region_memory
    startup_stm32f10x_md.o(RESET) refers (Special) to heapauxi.o(.text) for __use_two_region_memory
    startup_stm32f10x_md.o(RESET) refers to startup_stm32f10x_md.o(STACK) for __initial_sp
    startup_stm32f10x_md.o(RESET) refers to startup_stm32f10x_md.o(.text) for Reset_Handler
    startup_stm32f10x_md.o(RESET) refers to stm32f10x_it.o(i.NMI_Handler) for NMI_Handler
    startup_stm32f10x_md.o(RESET) refers to stm32f10x_it.o(i.HardFault_Handler) for HardFault_Handler
    startup_stm32f10x_md.o(RESET) refers to stm32f10x_it.o(i.MemManage_Handler) for MemManage_Handler
    startup_stm32f10x_md.o(RESET) refers to stm32f10x_it.o(i.BusFault_Handler) for BusFault_Handler
    startup_stm32f10x_md.o(RESET) refers to stm32f10x_it.o(i.UsageFault_Handler) for UsageFault_Handler
    startup_stm32f10x_md.o(RESET) refers to stm32f10x_it.o(i.SVC_Handler) for SVC_Handler
    startup_stm32f10x_md.o(RESET) refers to stm32f10x_it.o(i.DebugMon_Handler) for DebugMon_Handler
    startup_stm32f10x_md.o(RESET) refers to stm32f10x_it.o(i.PendSV_Handler) for PendSV_Handler
    startup_stm32f10x_md.o(RESET) refers to stm32f10x_it.o(i.SysTick_Handler) for SysTick_Handler
    startup_stm32f10x_md.o(.text) refers (Special) to heapauxi.o(.text) for __use_two_region_memory
    startup_stm32f10x_md.o(.text) refers to system_stm32f10x.o(i.SystemInit) for SystemInit
    startup_stm32f10x_md.o(.text) refers to __main.o(!!!main) for __main
    startup_stm32f10x_md.o(.text) refers to startup_stm32f10x_md.o(HEAP) for Heap_Mem
    startup_stm32f10x_md.o(.text) refers to startup_stm32f10x_md.o(STACK) for Stack_Mem
    stm32f10x_adc.o(i.ADC_DeInit) refers to stm32f10x_rcc.o(i.RCC_APB2PeriphResetCmd) for RCC_APB2PeriphResetCmd
    stm32f10x_bkp.o(i.BKP_DeInit) refers to stm32f10x_rcc.o(i.RCC_BackupResetCmd) for RCC_BackupResetCmd
    stm32f10x_can.o(i.CAN_DeInit) refers to stm32f10x_rcc.o(i.RCC_APB1PeriphResetCmd) for RCC_APB1PeriphResetCmd
    stm32f10x_can.o(i.CAN_GetITStatus) refers to stm32f10x_can.o(i.CheckITStatus) for CheckITStatus
    stm32f10x_cec.o(i.CEC_DeInit) refers to stm32f10x_rcc.o(i.RCC_APB1PeriphResetCmd) for RCC_APB1PeriphResetCmd
    stm32f10x_dac.o(i.DAC_DeInit) refers to stm32f10x_rcc.o(i.RCC_APB1PeriphResetCmd) for RCC_APB1PeriphResetCmd
    stm32f10x_flash.o(i.FLASH_EnableWriteProtection) refers to stm32f10x_flash.o(i.FLASH_WaitForLastOperation) for FLASH_WaitForLastOperation
    stm32f10x_flash.o(i.FLASH_EraseAllBank1Pages) refers to stm32f10x_flash.o(i.FLASH_WaitForLastBank1Operation) for FLASH_WaitForLastBank1Operation
    stm32f10x_flash.o(i.FLASH_EraseAllPages) refers to stm32f10x_flash.o(i.FLASH_WaitForLastOperation) for FLASH_WaitForLastOperation
    stm32f10x_flash.o(i.FLASH_EraseOptionBytes) refers to stm32f10x_flash.o(i.FLASH_GetReadOutProtectionStatus) for FLASH_GetReadOutProtectionStatus
    stm32f10x_flash.o(i.FLASH_EraseOptionBytes) refers to stm32f10x_flash.o(i.FLASH_WaitForLastOperation) for FLASH_WaitForLastOperation
    stm32f10x_flash.o(i.FLASH_ErasePage) refers to stm32f10x_flash.o(i.FLASH_WaitForLastOperation) for FLASH_WaitForLastOperation
    stm32f10x_flash.o(i.FLASH_ProgramHalfWord) refers to stm32f10x_flash.o(i.FLASH_WaitForLastOperation) for FLASH_WaitForLastOperation
    stm32f10x_flash.o(i.FLASH_ProgramOptionByteData) refers to stm32f10x_flash.o(i.FLASH_WaitForLastOperation) for FLASH_WaitForLastOperation
    stm32f10x_flash.o(i.FLASH_ProgramWord) refers to stm32f10x_flash.o(i.FLASH_WaitForLastOperation) for FLASH_WaitForLastOperation
    stm32f10x_flash.o(i.FLASH_ReadOutProtection) refers to stm32f10x_flash.o(i.FLASH_WaitForLastOperation) for FLASH_WaitForLastOperation
    stm32f10x_flash.o(i.FLASH_UserOptionByteConfig) refers to stm32f10x_flash.o(i.FLASH_WaitForLastOperation) for FLASH_WaitForLastOperation
    stm32f10x_flash.o(i.FLASH_WaitForLastBank1Operation) refers to stm32f10x_flash.o(i.FLASH_GetBank1Status) for FLASH_GetBank1Status
    stm32f10x_flash.o(i.FLASH_WaitForLastOperation) refers to stm32f10x_flash.o(i.FLASH_GetBank1Status) for FLASH_GetBank1Status
    stm32f10x_gpio.o(i.GPIO_AFIODeInit) refers to stm32f10x_rcc.o(i.RCC_APB2PeriphResetCmd) for RCC_APB2PeriphResetCmd
    stm32f10x_gpio.o(i.GPIO_DeInit) refers to stm32f10x_rcc.o(i.RCC_APB2PeriphResetCmd) for RCC_APB2PeriphResetCmd
    stm32f10x_i2c.o(i.I2C_DeInit) refers to stm32f10x_rcc.o(i.RCC_APB1PeriphResetCmd) for RCC_APB1PeriphResetCmd
    stm32f10x_i2c.o(i.I2C_Init) refers to stm32f10x_rcc.o(i.RCC_GetClocksFreq) for RCC_GetClocksFreq
    stm32f10x_pwr.o(i.PWR_DeInit) refers to stm32f10x_rcc.o(i.RCC_APB1PeriphResetCmd) for RCC_APB1PeriphResetCmd
    stm32f10x_rcc.o(i.RCC_GetClocksFreq) refers to stm32f10x_rcc.o(.data) for APBAHBPrescTable
    stm32f10x_rcc.o(i.RCC_WaitForHSEStartUp) refers to stm32f10x_rcc.o(i.RCC_GetFlagStatus) for RCC_GetFlagStatus
    stm32f10x_rtc.o(i.RTC_SetAlarm) refers to stm32f10x_rtc.o(i.RTC_EnterConfigMode) for RTC_EnterConfigMode
    stm32f10x_rtc.o(i.RTC_SetAlarm) refers to stm32f10x_rtc.o(i.RTC_ExitConfigMode) for RTC_ExitConfigMode
    stm32f10x_rtc.o(i.RTC_SetCounter) refers to stm32f10x_rtc.o(i.RTC_EnterConfigMode) for RTC_EnterConfigMode
    stm32f10x_rtc.o(i.RTC_SetCounter) refers to stm32f10x_rtc.o(i.RTC_ExitConfigMode) for RTC_ExitConfigMode
    stm32f10x_rtc.o(i.RTC_SetPrescaler) refers to stm32f10x_rtc.o(i.RTC_EnterConfigMode) for RTC_EnterConfigMode
    stm32f10x_rtc.o(i.RTC_SetPrescaler) refers to stm32f10x_rtc.o(i.RTC_ExitConfigMode) for RTC_ExitConfigMode
    stm32f10x_spi.o(i.I2S_Init) refers to stm32f10x_rcc.o(i.RCC_GetClocksFreq) for RCC_GetClocksFreq
    stm32f10x_spi.o(i.SPI_I2S_DeInit) refers to stm32f10x_rcc.o(i.RCC_APB2PeriphResetCmd) for RCC_APB2PeriphResetCmd
    stm32f10x_spi.o(i.SPI_I2S_DeInit) refers to stm32f10x_rcc.o(i.RCC_APB1PeriphResetCmd) for RCC_APB1PeriphResetCmd
    stm32f10x_tim.o(i.TIM_DeInit) refers to stm32f10x_rcc.o(i.RCC_APB2PeriphResetCmd) for RCC_APB2PeriphResetCmd
    stm32f10x_tim.o(i.TIM_DeInit) refers to stm32f10x_rcc.o(i.RCC_APB1PeriphResetCmd) for RCC_APB1PeriphResetCmd
    stm32f10x_tim.o(i.TIM_ETRClockMode1Config) refers to stm32f10x_tim.o(i.TIM_ETRConfig) for TIM_ETRConfig
    stm32f10x_tim.o(i.TIM_ETRClockMode2Config) refers to stm32f10x_tim.o(i.TIM_ETRConfig) for TIM_ETRConfig
    stm32f10x_tim.o(i.TIM_ICInit) refers to stm32f10x_tim.o(i.TI1_Config) for TI1_Config
    stm32f10x_tim.o(i.TIM_ICInit) refers to stm32f10x_tim.o(i.TIM_SetIC1Prescaler) for TIM_SetIC1Prescaler
    stm32f10x_tim.o(i.TIM_ICInit) refers to stm32f10x_tim.o(i.TI2_Config) for TI2_Config
    stm32f10x_tim.o(i.TIM_ICInit) refers to stm32f10x_tim.o(i.TIM_SetIC2Prescaler) for TIM_SetIC2Prescaler
    stm32f10x_tim.o(i.TIM_ICInit) refers to stm32f10x_tim.o(i.TI3_Config) for TI3_Config
    stm32f10x_tim.o(i.TIM_ICInit) refers to stm32f10x_tim.o(i.TIM_SetIC3Prescaler) for TIM_SetIC3Prescaler
    stm32f10x_tim.o(i.TIM_ICInit) refers to stm32f10x_tim.o(i.TI4_Config) for TI4_Config
    stm32f10x_tim.o(i.TIM_ICInit) refers to stm32f10x_tim.o(i.TIM_SetIC4Prescaler) for TIM_SetIC4Prescaler
    stm32f10x_tim.o(i.TIM_ITRxExternalClockConfig) refers to stm32f10x_tim.o(i.TIM_SelectInputTrigger) for TIM_SelectInputTrigger
    stm32f10x_tim.o(i.TIM_PWMIConfig) refers to stm32f10x_tim.o(i.TI1_Config) for TI1_Config
    stm32f10x_tim.o(i.TIM_PWMIConfig) refers to stm32f10x_tim.o(i.TIM_SetIC1Prescaler) for TIM_SetIC1Prescaler
    stm32f10x_tim.o(i.TIM_PWMIConfig) refers to stm32f10x_tim.o(i.TI2_Config) for TI2_Config
    stm32f10x_tim.o(i.TIM_PWMIConfig) refers to stm32f10x_tim.o(i.TIM_SetIC2Prescaler) for TIM_SetIC2Prescaler
    stm32f10x_tim.o(i.TIM_TIxExternalClockConfig) refers to stm32f10x_tim.o(i.TI2_Config) for TI2_Config
    stm32f10x_tim.o(i.TIM_TIxExternalClockConfig) refers to stm32f10x_tim.o(i.TI1_Config) for TI1_Config
    stm32f10x_tim.o(i.TIM_TIxExternalClockConfig) refers to stm32f10x_tim.o(i.TIM_SelectInputTrigger) for TIM_SelectInputTrigger
    stm32f10x_usart.o(i.USART_DeInit) refers to stm32f10x_rcc.o(i.RCC_APB2PeriphResetCmd) for RCC_APB2PeriphResetCmd
    stm32f10x_usart.o(i.USART_DeInit) refers to stm32f10x_rcc.o(i.RCC_APB1PeriphResetCmd) for RCC_APB1PeriphResetCmd
    stm32f10x_usart.o(i.USART_Init) refers to stm32f10x_rcc.o(i.RCC_GetClocksFreq) for RCC_GetClocksFreq
    stm32f10x_wwdg.o(i.WWDG_DeInit) refers to stm32f10x_rcc.o(i.RCC_APB1PeriphResetCmd) for RCC_APB1PeriphResetCmd
    system_stm32f10x.o(i.SetSysClock) refers to system_stm32f10x.o(i.SetSysClockTo72) for SetSysClockTo72
    system_stm32f10x.o(i.SystemCoreClockUpdate) refers to system_stm32f10x.o(.data) for SystemCoreClock
    system_stm32f10x.o(i.SystemInit) refers to system_stm32f10x.o(i.SetSysClock) for SetSysClock
    __main.o(!!!main) refers to __rtentry.o(.ARM.Collect$$rtentry$$00000000) for __rt_entry
    __rtentry.o(.ARM.Collect$$rtentry$$00000000) refers (Special) to __rtentry2.o(.ARM.Collect$$rtentry$$0000000A) for __rt_entry_li
    __rtentry.o(.ARM.Collect$$rtentry$$00000000) refers (Special) to __rtentry2.o(.ARM.Collect$$rtentry$$0000000D) for __rt_entry_main
    __rtentry.o(.ARM.Collect$$rtentry$$00000000) refers (Special) to __rtentry2.o(.ARM.Collect$$rtentry$$0000000C) for __rt_entry_postli_1
    __rtentry.o(.ARM.Collect$$rtentry$$00000000) refers (Special) to __rtentry2.o(.ARM.Collect$$rtentry$$00000009) for __rt_entry_postsh_1
    __rtentry.o(.ARM.Collect$$rtentry$$00000000) refers (Special) to __rtentry2.o(.ARM.Collect$$rtentry$$00000002) for __rt_entry_presh_1
    __rtentry.o(.ARM.Collect$$rtentry$$00000000) refers (Special) to __rtentry4.o(.ARM.Collect$$rtentry$$00000004) for __rt_entry_sh
    __rtentry2.o(.ARM.Collect$$rtentry$$00000008) refers to boardinit2.o(.text) for _platform_post_stackheap_init
    __rtentry2.o(.ARM.Collect$$rtentry$$0000000A) refers to libinit.o(.ARM.Collect$$libinit$$00000000) for __rt_lib_init
    __rtentry2.o(.ARM.Collect$$rtentry$$0000000B) refers to boardinit3.o(.text) for _platform_post_lib_init
    __rtentry2.o(.ARM.Collect$$rtentry$$0000000D) refers to main.o(i.main) for main
    __rtentry2.o(.ARM.Collect$$rtentry$$0000000D) refers to exit.o(.text) for exit
    __rtentry2.o(.ARM.exidx) refers to __rtentry2.o(.ARM.Collect$$rtentry$$00000001) for .ARM.Collect$$rtentry$$00000001
    __rtentry2.o(.ARM.exidx) refers to __rtentry2.o(.ARM.Collect$$rtentry$$00000008) for .ARM.Collect$$rtentry$$00000008
    __rtentry2.o(.ARM.exidx) refers to __rtentry2.o(.ARM.Collect$$rtentry$$0000000A) for .ARM.Collect$$rtentry$$0000000A
    __rtentry2.o(.ARM.exidx) refers to __rtentry2.o(.ARM.Collect$$rtentry$$0000000B) for .ARM.Collect$$rtentry$$0000000B
    __rtentry2.o(.ARM.exidx) refers to __rtentry2.o(.ARM.Collect$$rtentry$$0000000D) for .ARM.Collect$$rtentry$$0000000D
    __rtentry4.o(.ARM.Collect$$rtentry$$00000004) refers to sys_stackheap_outer.o(.text) for __user_setup_stackheap
    __rtentry4.o(.ARM.exidx) refers to __rtentry4.o(.ARM.Collect$$rtentry$$00000004) for .ARM.Collect$$rtentry$$00000004
    sys_stackheap_outer.o(.text) refers to libspace.o(.text) for __user_perproc_libspace
    sys_stackheap_outer.o(.text) refers to startup_stm32f10x_md.o(.text) for __user_initial_stackheap
    exit.o(.text) refers to rtexit.o(.ARM.Collect$$rtexit$$00000000) for __rt_exit
    libinit.o(.ARM.Collect$$libinit$$00000000) refers (Special) to libinit2.o(.ARM.Collect$$libinit$$0000002E) for __rt_lib_init_alloca_1
    libinit.o(.ARM.Collect$$libinit$$00000000) refers (Special) to libinit2.o(.ARM.Collect$$libinit$$0000002C) for __rt_lib_init_argv_1
    libinit.o(.ARM.Collect$$libinit$$00000000) refers (Special) to libinit2.o(.ARM.Collect$$libinit$$0000001B) for __rt_lib_init_atexit_1
    libinit.o(.ARM.Collect$$libinit$$00000000) refers (Special) to libinit2.o(.ARM.Collect$$libinit$$00000021) for __rt_lib_init_clock_1
    libinit.o(.ARM.Collect$$libinit$$00000000) refers (Special) to libinit2.o(.ARM.Collect$$libinit$$00000032) for __rt_lib_init_cpp_1
    libinit.o(.ARM.Collect$$libinit$$00000000) refers (Special) to libinit2.o(.ARM.Collect$$libinit$$00000030) for __rt_lib_init_exceptions_1
    libinit.o(.ARM.Collect$$libinit$$00000000) refers (Special) to libinit2.o(.ARM.Collect$$libinit$$00000002) for __rt_lib_init_fp_1
    libinit.o(.ARM.Collect$$libinit$$00000000) refers (Special) to libinit2.o(.ARM.Collect$$libinit$$0000001F) for __rt_lib_init_fp_trap_1
    libinit.o(.ARM.Collect$$libinit$$00000000) refers (Special) to libinit2.o(.ARM.Collect$$libinit$$00000023) for __rt_lib_init_getenv_1
    libinit.o(.ARM.Collect$$libinit$$00000000) refers (Special) to libinit2.o(.ARM.Collect$$libinit$$0000000A) for __rt_lib_init_heap_1
    libinit.o(.ARM.Collect$$libinit$$00000000) refers (Special) to libinit2.o(.ARM.Collect$$libinit$$00000011) for __rt_lib_init_lc_collate_1
    libinit.o(.ARM.Collect$$libinit$$00000000) refers (Special) to libinit2.o(.ARM.Collect$$libinit$$00000013) for __rt_lib_init_lc_ctype_1
    libinit.o(.ARM.Collect$$libinit$$00000000) refers (Special) to libinit2.o(.ARM.Collect$$libinit$$00000015) for __rt_lib_init_lc_monetary_1
    libinit.o(.ARM.Collect$$libinit$$00000000) refers (Special) to libinit2.o(.ARM.Collect$$libinit$$00000017) for __rt_lib_init_lc_numeric_1
    libinit.o(.ARM.Collect$$libinit$$00000000) refers (Special) to libinit2.o(.ARM.Collect$$libinit$$00000019) for __rt_lib_init_lc_time_1
    libinit.o(.ARM.Collect$$libinit$$00000000) refers (Special) to libinit2.o(.ARM.Collect$$libinit$$00000004) for __rt_lib_init_preinit_1
    libinit.o(.ARM.Collect$$libinit$$00000000) refers (Special) to libinit2.o(.ARM.Collect$$libinit$$0000000E) for __rt_lib_init_rand_1
    libinit.o(.ARM.Collect$$libinit$$00000000) refers (Special) to libinit2.o(.ARM.Collect$$libinit$$00000033) for __rt_lib_init_return
    libinit.o(.ARM.Collect$$libinit$$00000000) refers (Special) to libinit2.o(.ARM.Collect$$libinit$$0000001D) for __rt_lib_init_signal_1
    libinit.o(.ARM.Collect$$libinit$$00000000) refers (Special) to libinit2.o(.ARM.Collect$$libinit$$00000025) for __rt_lib_init_stdio_1
    libinit.o(.ARM.Collect$$libinit$$00000000) refers (Special) to libinit2.o(.ARM.Collect$$libinit$$0000000C) for __rt_lib_init_user_alloc_1
    libspace.o(.text) refers to libspace.o(.bss) for __libspace_start
    rtexit.o(.ARM.Collect$$rtexit$$00000000) refers (Special) to rtexit2.o(.ARM.Collect$$rtexit$$00000004) for __rt_exit_exit
    rtexit.o(.ARM.Collect$$rtexit$$00000000) refers (Special) to rtexit2.o(.ARM.Collect$$rtexit$$00000003) for __rt_exit_ls
    rtexit.o(.ARM.Collect$$rtexit$$00000000) refers (Special) to rtexit2.o(.ARM.Collect$$rtexit$$00000002) for __rt_exit_prels_1
    rtexit.o(.ARM.exidx) refers (Special) to rtexit2.o(.ARM.Collect$$rtexit$$00000004) for __rt_exit_exit
    rtexit.o(.ARM.exidx) refers (Special) to rtexit2.o(.ARM.Collect$$rtexit$$00000003) for __rt_exit_ls
    rtexit.o(.ARM.exidx) refers (Special) to rtexit2.o(.ARM.Collect$$rtexit$$00000002) for __rt_exit_prels_1
    rtexit.o(.ARM.exidx) refers to rtexit.o(.ARM.Collect$$rtexit$$00000000) for .ARM.Collect$$rtexit$$00000000
    libinit2.o(.ARM.Collect$$libinit$$00000010) refers to libinit2.o(.ARM.Collect$$libinit$$0000000F) for .ARM.Collect$$libinit$$0000000F
    libinit2.o(.ARM.Collect$$libinit$$00000012) refers to libinit2.o(.ARM.Collect$$libinit$$0000000F) for .ARM.Collect$$libinit$$0000000F
    libinit2.o(.ARM.Collect$$libinit$$00000014) refers to libinit2.o(.ARM.Collect$$libinit$$0000000F) for .ARM.Collect$$libinit$$0000000F
    libinit2.o(.ARM.Collect$$libinit$$00000016) refers to libinit2.o(.ARM.Collect$$libinit$$0000000F) for .ARM.Collect$$libinit$$0000000F
    libinit2.o(.ARM.Collect$$libinit$$00000018) refers to libinit2.o(.ARM.Collect$$libinit$$0000000F) for .ARM.Collect$$libinit$$0000000F
    libinit2.o(.ARM.Collect$$libinit$$00000026) refers to argv_veneer.o(.emb_text) for __ARM_argv_veneer
    libinit2.o(.ARM.Collect$$libinit$$00000027) refers to argv_veneer.o(.emb_text) for __ARM_argv_veneer
    rtexit2.o(.ARM.Collect$$rtexit$$00000003) refers to libshutdown.o(.ARM.Collect$$libshutdown$$00000000) for __rt_lib_shutdown
    rtexit2.o(.ARM.Collect$$rtexit$$00000004) refers to sys_exit.o(.text) for _sys_exit
    rtexit2.o(.ARM.exidx) refers to rtexit2.o(.ARM.Collect$$rtexit$$00000001) for .ARM.Collect$$rtexit$$00000001
    rtexit2.o(.ARM.exidx) refers to rtexit2.o(.ARM.Collect$$rtexit$$00000003) for .ARM.Collect$$rtexit$$00000003
    rtexit2.o(.ARM.exidx) refers to rtexit2.o(.ARM.Collect$$rtexit$$00000004) for .ARM.Collect$$rtexit$$00000004
    argv_veneer.o(.emb_text) refers to no_argv.o(.text) for __ARM_get_argv
    sys_exit.o(.text) refers (Special) to use_no_semi.o(.text) for __I$use$semihosting
    sys_exit.o(.text) refers (Special) to indicate_semi.o(.text) for __semihosting_library_function
    _get_argv_nomalloc.o(.text) refers (Special) to hrguard.o(.text) for __heap_region$guard
    _get_argv_nomalloc.o(.text) refers to defsig_rtmem_outer.o(.text) for __rt_SIGRTMEM
    _get_argv_nomalloc.o(.text) refers to sys_command.o(.text) for _sys_command_string
    libshutdown.o(.ARM.Collect$$libshutdown$$00000000) refers (Special) to libshutdown2.o(.ARM.Collect$$libshutdown$$00000004) for __rt_lib_shutdown_cpp_1
    libshutdown.o(.ARM.Collect$$libshutdown$$00000000) refers (Special) to libshutdown2.o(.ARM.Collect$$libshutdown$$00000002) for __rt_lib_shutdown_fini_1
    libshutdown.o(.ARM.Collect$$libshutdown$$00000000) refers (Special) to libshutdown2.o(.ARM.Collect$$libshutdown$$00000009) for __rt_lib_shutdown_fp_trap_1
    libshutdown.o(.ARM.Collect$$libshutdown$$00000000) refers (Special) to libshutdown2.o(.ARM.Collect$$libshutdown$$00000011) for __rt_lib_shutdown_heap_1
    libshutdown.o(.ARM.Collect$$libshutdown$$00000000) refers (Special) to libshutdown2.o(.ARM.Collect$$libshutdown$$00000012) for __rt_lib_shutdown_return
    libshutdown.o(.ARM.Collect$$libshutdown$$00000000) refers (Special) to libshutdown2.o(.ARM.Collect$$libshutdown$$0000000C) for __rt_lib_shutdown_signal_1
    libshutdown.o(.ARM.Collect$$libshutdown$$00000000) refers (Special) to libshutdown2.o(.ARM.Collect$$libshutdown$$00000006) for __rt_lib_shutdown_stdio_1
    libshutdown.o(.ARM.Collect$$libshutdown$$00000000) refers (Special) to libshutdown2.o(.ARM.Collect$$libshutdown$$0000000E) for __rt_lib_shutdown_user_alloc_1
    sys_command.o(.text) refers (Special) to use_no_semi.o(.text) for __I$use$semihosting
    sys_command.o(.text) refers (Special) to indicate_semi.o(.text) for __semihosting_library_function
    defsig_rtmem_outer.o(.text) refers to defsig_rtmem_inner.o(.text) for __rt_SIGRTMEM_inner
    defsig_rtmem_outer.o(.text) refers to defsig_exit.o(.text) for __sig_exit
    defsig_rtmem_formal.o(.text) refers to rt_raise.o(.text) for __rt_raise
    rt_raise.o(.text) refers to __raise.o(.text) for __raise
    rt_raise.o(.text) refers to sys_exit.o(.text) for _sys_exit
    defsig_exit.o(.text) refers to sys_exit.o(.text) for _sys_exit
    defsig_rtmem_inner.o(.text) refers to defsig_general.o(.text) for __default_signal_display
    __raise.o(.text) refers to defsig.o(CL$$defsig) for __default_signal_handler
    defsig_general.o(.text) refers to sys_wrch.o(.text) for _ttywrch
    sys_wrch.o(.text) refers (Special) to use_no_semi.o(.text) for __I$use$semihosting
    sys_wrch.o(.text) refers (Special) to indicate_semi.o(.text) for __semihosting_library_function
    defsig.o(CL$$defsig) refers to defsig_rtmem_inner.o(.text) for __rt_SIGRTMEM_inner
    defsig_abrt_inner.o(.text) refers to defsig_general.o(.text) for __default_signal_display
    defsig_fpe_inner.o(.text) refers to defsig_general.o(.text) for __default_signal_display
    defsig_rtred_inner.o(.text) refers to defsig_general.o(.text) for __default_signal_display
    defsig_stak_inner.o(.text) refers to defsig_general.o(.text) for __default_signal_display
    defsig_pvfn_inner.o(.text) refers to defsig_general.o(.text) for __default_signal_display
    defsig_cppl_inner.o(.text) refers to defsig_general.o(.text) for __default_signal_display
    defsig_segv_inner.o(.text) refers to defsig_general.o(.text) for __default_signal_display
    defsig_other.o(.text) refers to defsig_general.o(.text) for __default_signal_display


==============================================================================

Removing Unused input sections from the image.

    Removing core_cm3.o(.emb_text), (32 bytes).
    Removing misc.o(i.NVIC_Init), (176 bytes).
    Removing misc.o(i.NVIC_PriorityGroupConfig), (64 bytes).
    Removing misc.o(i.NVIC_SetVectorTable), (76 bytes).
    Removing misc.o(i.NVIC_SystemLPConfig), (80 bytes).
    Removing misc.o(i.SysTick_CLKSourceConfig), (64 bytes).
    Removing stm32f10x_adc.o(i.ADC_AnalogWatchdogCmd), (128 bytes).
    Removing stm32f10x_adc.o(i.ADC_AnalogWatchdogSingleChannelConfig), (144 bytes).
    Removing stm32f10x_adc.o(i.ADC_AnalogWatchdogThresholdsConfig), (92 bytes).
    Removing stm32f10x_adc.o(i.ADC_AutoInjectedConvCmd), (88 bytes).
    Removing stm32f10x_adc.o(i.ADC_ClearFlag), (76 bytes).
    Removing stm32f10x_adc.o(i.ADC_ClearITPendingBit), (80 bytes).
    Removing stm32f10x_adc.o(i.ADC_Cmd), (88 bytes).
    Removing stm32f10x_adc.o(i.ADC_DMACmd), (80 bytes).
    Removing stm32f10x_adc.o(i.ADC_DeInit), (120 bytes).
    Removing stm32f10x_adc.o(i.ADC_DiscModeChannelCountConfig), (92 bytes).
    Removing stm32f10x_adc.o(i.ADC_DiscModeCmd), (88 bytes).
    Removing stm32f10x_adc.o(i.ADC_ExternalTrigConvCmd), (88 bytes).
    Removing stm32f10x_adc.o(i.ADC_ExternalTrigInjectedConvCmd), (88 bytes).
    Removing stm32f10x_adc.o(i.ADC_ExternalTrigInjectedConvConfig), (148 bytes).
    Removing stm32f10x_adc.o(i.ADC_GetCalibrationStatus), (68 bytes).
    Removing stm32f10x_adc.o(i.ADC_GetConversionValue), (52 bytes).
    Removing stm32f10x_adc.o(i.ADC_GetDualModeConversionValue), (12 bytes).
    Removing stm32f10x_adc.o(i.ADC_GetFlagStatus), (100 bytes).
    Removing stm32f10x_adc.o(i.ADC_GetITStatus), (120 bytes).
    Removing stm32f10x_adc.o(i.ADC_GetInjectedConversionValue), (100 bytes).
    Removing stm32f10x_adc.o(i.ADC_GetResetCalibrationStatus), (68 bytes).
    Removing stm32f10x_adc.o(i.ADC_GetSoftwareStartConvStatus), (68 bytes).
    Removing stm32f10x_adc.o(i.ADC_GetSoftwareStartInjectedConvCmdStatus), (68 bytes).
    Removing stm32f10x_adc.o(i.ADC_ITConfig), (116 bytes).
    Removing stm32f10x_adc.o(i.ADC_Init), (424 bytes).
    Removing stm32f10x_adc.o(i.ADC_InjectedChannelConfig), (340 bytes).
    Removing stm32f10x_adc.o(i.ADC_InjectedDiscModeCmd), (88 bytes).
    Removing stm32f10x_adc.o(i.ADC_InjectedSequencerLengthConfig), (92 bytes).
    Removing stm32f10x_adc.o(i.ADC_RegularChannelConfig), (416 bytes).
    Removing stm32f10x_adc.o(i.ADC_ResetCalibration), (56 bytes).
    Removing stm32f10x_adc.o(i.ADC_SetInjectedOffset), (116 bytes).
    Removing stm32f10x_adc.o(i.ADC_SoftwareStartConvCmd), (88 bytes).
    Removing stm32f10x_adc.o(i.ADC_SoftwareStartInjectedConvCmd), (88 bytes).
    Removing stm32f10x_adc.o(i.ADC_StartCalibration), (56 bytes).
    Removing stm32f10x_adc.o(i.ADC_StructInit), (18 bytes).
    Removing stm32f10x_adc.o(i.ADC_TempSensorVrefintCmd), (56 bytes).
    Removing stm32f10x_bkp.o(i.BKP_ClearFlag), (20 bytes).
    Removing stm32f10x_bkp.o(i.BKP_ClearITPendingBit), (20 bytes).
    Removing stm32f10x_bkp.o(i.BKP_DeInit), (16 bytes).
    Removing stm32f10x_bkp.o(i.BKP_GetFlagStatus), (12 bytes).
    Removing stm32f10x_bkp.o(i.BKP_GetITStatus), (12 bytes).
    Removing stm32f10x_bkp.o(i.BKP_ITConfig), (32 bytes).
    Removing stm32f10x_bkp.o(i.BKP_RTCOutputConfig), (60 bytes).
    Removing stm32f10x_bkp.o(i.BKP_ReadBackupRegister), (208 bytes).
    Removing stm32f10x_bkp.o(i.BKP_SetRTCCalibrationValue), (44 bytes).
    Removing stm32f10x_bkp.o(i.BKP_TamperPinCmd), (32 bytes).
    Removing stm32f10x_bkp.o(i.BKP_TamperPinLevelConfig), (32 bytes).
    Removing stm32f10x_bkp.o(i.BKP_WriteBackupRegister), (212 bytes).
    Removing stm32f10x_can.o(i.CAN_CancelTransmit), (104 bytes).
    Removing stm32f10x_can.o(i.CAN_ClearFlag), (196 bytes).
    Removing stm32f10x_can.o(i.CAN_ClearITPendingBit), (280 bytes).
    Removing stm32f10x_can.o(i.CAN_DBGFreeze), (80 bytes).
    Removing stm32f10x_can.o(i.CAN_DeInit), (84 bytes).
    Removing stm32f10x_can.o(i.CAN_FIFORelease), (80 bytes).
    Removing stm32f10x_can.o(i.CAN_FilterInit), (372 bytes).
    Removing stm32f10x_can.o(i.CAN_GetFlagStatus), (304 bytes).
    Removing stm32f10x_can.o(i.CAN_GetITStatus), (404 bytes).
    Removing stm32f10x_can.o(i.CAN_GetLSBTransmitErrorCounter), (48 bytes).
    Removing stm32f10x_can.o(i.CAN_GetLastErrorCode), (48 bytes).
    Removing stm32f10x_can.o(i.CAN_GetReceiveErrorCounter), (48 bytes).
    Removing stm32f10x_can.o(i.CAN_ITConfig), (160 bytes).
    Removing stm32f10x_can.o(i.CAN_Init), (580 bytes).
    Removing stm32f10x_can.o(i.CAN_MessagePending), (88 bytes).
    Removing stm32f10x_can.o(i.CAN_OperatingModeRequest), (224 bytes).
    Removing stm32f10x_can.o(i.CAN_Receive), (296 bytes).
    Removing stm32f10x_can.o(i.CAN_SlaveStartBank), (76 bytes).
    Removing stm32f10x_can.o(i.CAN_Sleep), (68 bytes).
    Removing stm32f10x_can.o(i.CAN_StructInit), (32 bytes).
    Removing stm32f10x_can.o(i.CAN_TTComModeCmd), (160 bytes).
    Removing stm32f10x_can.o(i.CAN_Transmit), (440 bytes).
    Removing stm32f10x_can.o(i.CAN_TransmitStatus), (208 bytes).
    Removing stm32f10x_can.o(i.CAN_WakeUp), (84 bytes).
    Removing stm32f10x_can.o(i.CheckITStatus), (18 bytes).
    Removing stm32f10x_cec.o(i.CEC_ClearFlag), (60 bytes).
    Removing stm32f10x_cec.o(i.CEC_ClearITPendingBit), (68 bytes).
    Removing stm32f10x_cec.o(i.CEC_Cmd), (52 bytes).
    Removing stm32f10x_cec.o(i.CEC_DeInit), (22 bytes).
    Removing stm32f10x_cec.o(i.CEC_EndOfMessageCmd), (32 bytes).
    Removing stm32f10x_cec.o(i.CEC_GetFlagStatus), (156 bytes).
    Removing stm32f10x_cec.o(i.CEC_GetITStatus), (72 bytes).
    Removing stm32f10x_cec.o(i.CEC_ITConfig), (32 bytes).
    Removing stm32f10x_cec.o(i.CEC_Init), (80 bytes).
    Removing stm32f10x_cec.o(i.CEC_OwnAddressConfig), (32 bytes).
    Removing stm32f10x_cec.o(i.CEC_ReceiveDataByte), (12 bytes).
    Removing stm32f10x_cec.o(i.CEC_SendDataByte), (12 bytes).
    Removing stm32f10x_cec.o(i.CEC_SetPrescaler), (32 bytes).
    Removing stm32f10x_cec.o(i.CEC_StartOfMessage), (12 bytes).
    Removing stm32f10x_crc.o(i.CRC_CalcBlockCRC), (36 bytes).
    Removing stm32f10x_crc.o(i.CRC_CalcCRC), (16 bytes).
    Removing stm32f10x_crc.o(i.CRC_GetCRC), (12 bytes).
    Removing stm32f10x_crc.o(i.CRC_GetIDRegister), (12 bytes).
    Removing stm32f10x_crc.o(i.CRC_ResetDR), (12 bytes).
    Removing stm32f10x_crc.o(i.CRC_SetIDRegister), (12 bytes).
    Removing stm32f10x_dac.o(i.DAC_Cmd), (80 bytes).
    Removing stm32f10x_dac.o(i.DAC_DMACmd), (84 bytes).
    Removing stm32f10x_dac.o(i.DAC_DeInit), (22 bytes).
    Removing stm32f10x_dac.o(i.DAC_DualSoftwareTriggerCmd), (56 bytes).
    Removing stm32f10x_dac.o(i.DAC_GetDataOutputValue), (56 bytes).
    Removing stm32f10x_dac.o(i.DAC_Init), (372 bytes).
    Removing stm32f10x_dac.o(i.DAC_SetChannel1Data), (76 bytes).
    Removing stm32f10x_dac.o(i.DAC_SetChannel2Data), (76 bytes).
    Removing stm32f10x_dac.o(i.DAC_SetDualChannelData), (112 bytes).
    Removing stm32f10x_dac.o(i.DAC_SoftwareTriggerCmd), (84 bytes).
    Removing stm32f10x_dac.o(i.DAC_StructInit), (12 bytes).
    Removing stm32f10x_dac.o(i.DAC_WaveGenerationCmd), (104 bytes).
    Removing stm32f10x_dbgmcu.o(i.DBGMCU_Config), (80 bytes).
    Removing stm32f10x_dbgmcu.o(i.DBGMCU_GetDEVID), (16 bytes).
    Removing stm32f10x_dbgmcu.o(i.DBGMCU_GetREVID), (12 bytes).
    Removing stm32f10x_dma.o(i.DMA_ClearFlag), (60 bytes).
    Removing stm32f10x_dma.o(i.DMA_ClearITPendingBit), (60 bytes).
    Removing stm32f10x_dma.o(i.DMA_Cmd), (160 bytes).
    Removing stm32f10x_dma.o(i.DMA_DeInit), (440 bytes).
    Removing stm32f10x_dma.o(i.DMA_GetCurrDataCounter), (124 bytes).
    Removing stm32f10x_dma.o(i.DMA_GetFlagStatus), (388 bytes).
    Removing stm32f10x_dma.o(i.DMA_GetITStatus), (388 bytes).
    Removing stm32f10x_dma.o(i.DMA_ITConfig), (176 bytes).
    Removing stm32f10x_dma.o(i.DMA_Init), (416 bytes).
    Removing stm32f10x_dma.o(i.DMA_SetCurrDataCounter), (124 bytes).
    Removing stm32f10x_dma.o(i.DMA_StructInit), (26 bytes).
    Removing stm32f10x_exti.o(i.EXTI_ClearFlag), (36 bytes).
    Removing stm32f10x_exti.o(i.EXTI_ClearITPendingBit), (36 bytes).
    Removing stm32f10x_exti.o(i.EXTI_DeInit), (36 bytes).
    Removing stm32f10x_exti.o(i.EXTI_GenerateSWInterrupt), (40 bytes).
    Removing stm32f10x_exti.o(i.EXTI_GetFlagStatus), (144 bytes).
    Removing stm32f10x_exti.o(i.EXTI_GetITStatus), (160 bytes).
    Removing stm32f10x_exti.o(i.EXTI_Init), (248 bytes).
    Removing stm32f10x_exti.o(i.EXTI_StructInit), (16 bytes).
    Removing stm32f10x_flash.o(i.FLASH_ClearFlag), (36 bytes).
    Removing stm32f10x_flash.o(i.FLASH_EnableWriteProtection), (212 bytes).
    Removing stm32f10x_flash.o(i.FLASH_EraseAllBank1Pages), (72 bytes).
    Removing stm32f10x_flash.o(i.FLASH_EraseAllPages), (72 bytes).
    Removing stm32f10x_flash.o(i.FLASH_EraseOptionBytes), (168 bytes).
    Removing stm32f10x_flash.o(i.FLASH_ErasePage), (104 bytes).
    Removing stm32f10x_flash.o(i.FLASH_GetBank1Status), (52 bytes).
    Removing stm32f10x_flash.o(i.FLASH_GetFlagStatus), (100 bytes).
    Removing stm32f10x_flash.o(i.FLASH_GetPrefetchBufferStatus), (24 bytes).
    Removing stm32f10x_flash.o(i.FLASH_GetReadOutProtectionStatus), (24 bytes).
    Removing stm32f10x_flash.o(i.FLASH_GetStatus), (52 bytes).
    Removing stm32f10x_flash.o(i.FLASH_GetUserOptionByte), (12 bytes).
    Removing stm32f10x_flash.o(i.FLASH_GetWriteProtectionOptionByte), (12 bytes).
    Removing stm32f10x_flash.o(i.FLASH_HalfCycleAccessCmd), (48 bytes).
    Removing stm32f10x_flash.o(i.FLASH_ITConfig), (76 bytes).
    Removing stm32f10x_flash.o(i.FLASH_Lock), (20 bytes).
    Removing stm32f10x_flash.o(i.FLASH_LockBank1), (20 bytes).
    Removing stm32f10x_flash.o(i.FLASH_PrefetchBufferCmd), (48 bytes).
    Removing stm32f10x_flash.o(i.FLASH_ProgramHalfWord), (96 bytes).
    Removing stm32f10x_flash.o(i.FLASH_ProgramOptionByteData), (116 bytes).
    Removing stm32f10x_flash.o(i.FLASH_ProgramWord), (136 bytes).
    Removing stm32f10x_flash.o(i.FLASH_ReadOutProtection), (192 bytes).
    Removing stm32f10x_flash.o(i.FLASH_SetLatency), (48 bytes).
    Removing stm32f10x_flash.o(i.FLASH_Unlock), (24 bytes).
    Removing stm32f10x_flash.o(i.FLASH_UnlockBank1), (24 bytes).
    Removing stm32f10x_flash.o(i.FLASH_UserOptionByteConfig), (164 bytes).
    Removing stm32f10x_flash.o(i.FLASH_WaitForLastBank1Operation), (38 bytes).
    Removing stm32f10x_flash.o(i.FLASH_WaitForLastOperation), (38 bytes).
    Removing stm32f10x_fsmc.o(i.FSMC_ClearFlag), (120 bytes).
    Removing stm32f10x_fsmc.o(i.FSMC_ClearITPendingBit), (124 bytes).
    Removing stm32f10x_fsmc.o(i.FSMC_GetECC), (28 bytes).
    Removing stm32f10x_fsmc.o(i.FSMC_GetFlagStatus), (120 bytes).
    Removing stm32f10x_fsmc.o(i.FSMC_GetITStatus), (136 bytes).
    Removing stm32f10x_fsmc.o(i.FSMC_ITConfig), (200 bytes).
    Removing stm32f10x_fsmc.o(i.FSMC_NANDCmd), (136 bytes).
    Removing stm32f10x_fsmc.o(i.FSMC_NANDDeInit), (92 bytes).
    Removing stm32f10x_fsmc.o(i.FSMC_NANDECCCmd), (136 bytes).
    Removing stm32f10x_fsmc.o(i.FSMC_NANDInit), (488 bytes).
    Removing stm32f10x_fsmc.o(i.FSMC_NANDStructInit), (54 bytes).
    Removing stm32f10x_fsmc.o(i.FSMC_NORSRAMCmd), (100 bytes).
    Removing stm32f10x_fsmc.o(i.FSMC_NORSRAMDeInit), (84 bytes).
    Removing stm32f10x_fsmc.o(i.FSMC_NORSRAMInit), (884 bytes).
    Removing stm32f10x_fsmc.o(i.FSMC_NORSRAMStructInit), (114 bytes).
    Removing stm32f10x_fsmc.o(i.FSMC_PCCARDCmd), (68 bytes).
    Removing stm32f10x_fsmc.o(i.FSMC_PCCARDDeInit), (40 bytes).
    Removing stm32f10x_fsmc.o(i.FSMC_PCCARDInit), (436 bytes).
    Removing stm32f10x_fsmc.o(i.FSMC_PCCARDStructInit), (60 bytes).
    Removing stm32f10x_gpio.o(i.GPIO_AFIODeInit), (20 bytes).
    Removing stm32f10x_gpio.o(i.GPIO_DeInit), (256 bytes).
    Removing stm32f10x_gpio.o(i.GPIO_ETH_MediaInterfaceConfig), (32 bytes).
    Removing stm32f10x_gpio.o(i.GPIO_EXTILineConfig), (180 bytes).
    Removing stm32f10x_gpio.o(i.GPIO_EventOutputCmd), (32 bytes).
    Removing stm32f10x_gpio.o(i.GPIO_EventOutputConfig), (140 bytes).
    Removing stm32f10x_gpio.o(i.GPIO_Init), (416 bytes).
    Removing stm32f10x_gpio.o(i.GPIO_PinLockConfig), (124 bytes).
    Removing stm32f10x_gpio.o(i.GPIO_PinRemapConfig), (536 bytes).
    Removing stm32f10x_gpio.o(i.GPIO_ReadInputData), (92 bytes).
    Removing stm32f10x_gpio.o(i.GPIO_ReadInputDataBit), (200 bytes).
    Removing stm32f10x_gpio.o(i.GPIO_ReadOutputData), (92 bytes).
    Removing stm32f10x_gpio.o(i.GPIO_ReadOutputDataBit), (200 bytes).
    Removing stm32f10x_gpio.o(i.GPIO_ResetBits), (112 bytes).
    Removing stm32f10x_gpio.o(i.GPIO_SetBits), (112 bytes).
    Removing stm32f10x_gpio.o(i.GPIO_StructInit), (16 bytes).
    Removing stm32f10x_gpio.o(i.GPIO_Write), (92 bytes).
    Removing stm32f10x_gpio.o(i.GPIO_WriteBit), (212 bytes).
    Removing stm32f10x_i2c.o(i.I2C_ARPCmd), (80 bytes).
    Removing stm32f10x_i2c.o(i.I2C_AcknowledgeConfig), (80 bytes).
    Removing stm32f10x_i2c.o(i.I2C_CalculatePEC), (80 bytes).
    Removing stm32f10x_i2c.o(i.I2C_CheckEvent), (264 bytes).
    Removing stm32f10x_i2c.o(i.I2C_ClearFlag), (72 bytes).
    Removing stm32f10x_i2c.o(i.I2C_ClearITPendingBit), (72 bytes).
    Removing stm32f10x_i2c.o(i.I2C_Cmd), (80 bytes).
    Removing stm32f10x_i2c.o(i.I2C_DMACmd), (80 bytes).
    Removing stm32f10x_i2c.o(i.I2C_DMALastTransferCmd), (80 bytes).
    Removing stm32f10x_i2c.o(i.I2C_DeInit), (84 bytes).
    Removing stm32f10x_i2c.o(i.I2C_DualAddressCmd), (80 bytes).
    Removing stm32f10x_i2c.o(i.I2C_FastModeDutyCycleConfig), (92 bytes).
    Removing stm32f10x_i2c.o(i.I2C_GeneralCallCmd), (80 bytes).
    Removing stm32f10x_i2c.o(i.I2C_GenerateSTART), (80 bytes).
    Removing stm32f10x_i2c.o(i.I2C_GenerateSTOP), (80 bytes).
    Removing stm32f10x_i2c.o(i.I2C_GetFlagStatus), (264 bytes).
    Removing stm32f10x_i2c.o(i.I2C_GetITStatus), (212 bytes).
    Removing stm32f10x_i2c.o(i.I2C_GetLastEvent), (64 bytes).
    Removing stm32f10x_i2c.o(i.I2C_GetPEC), (44 bytes).
    Removing stm32f10x_i2c.o(i.I2C_ITConfig), (100 bytes).
    Removing stm32f10x_i2c.o(i.I2C_Init), (424 bytes).
    Removing stm32f10x_i2c.o(i.I2C_NACKPositionConfig), (92 bytes).
    Removing stm32f10x_i2c.o(i.I2C_OwnAddress2Config), (60 bytes).
    Removing stm32f10x_i2c.o(i.I2C_PECPositionConfig), (92 bytes).
    Removing stm32f10x_i2c.o(i.I2C_ReadRegister), (104 bytes).
    Removing stm32f10x_i2c.o(i.I2C_ReceiveData), (44 bytes).
    Removing stm32f10x_i2c.o(i.I2C_SMBusAlertConfig), (92 bytes).
    Removing stm32f10x_i2c.o(i.I2C_Send7bitAddress), (76 bytes).
    Removing stm32f10x_i2c.o(i.I2C_SendData), (44 bytes).
    Removing stm32f10x_i2c.o(i.I2C_SoftwareResetCmd), (80 bytes).
    Removing stm32f10x_i2c.o(i.I2C_StretchClockCmd), (80 bytes).
    Removing stm32f10x_i2c.o(i.I2C_StructInit), (30 bytes).
    Removing stm32f10x_i2c.o(i.I2C_TransmitPEC), (80 bytes).
    Removing stm32f10x_iwdg.o(i.IWDG_Enable), (16 bytes).
    Removing stm32f10x_iwdg.o(i.IWDG_GetFlagStatus), (48 bytes).
    Removing stm32f10x_iwdg.o(i.IWDG_ReloadCounter), (16 bytes).
    Removing stm32f10x_iwdg.o(i.IWDG_SetPrescaler), (52 bytes).
    Removing stm32f10x_iwdg.o(i.IWDG_SetReload), (32 bytes).
    Removing stm32f10x_iwdg.o(i.IWDG_WriteAccessCmd), (36 bytes).
    Removing stm32f10x_pwr.o(i.PWR_BackupAccessCmd), (32 bytes).
    Removing stm32f10x_pwr.o(i.PWR_ClearFlag), (44 bytes).
    Removing stm32f10x_pwr.o(i.PWR_DeInit), (22 bytes).
    Removing stm32f10x_pwr.o(i.PWR_EnterSTANDBYMode), (40 bytes).
    Removing stm32f10x_pwr.o(i.PWR_EnterSTOPMode), (104 bytes).
    Removing stm32f10x_pwr.o(i.PWR_GetFlagStatus), (52 bytes).
    Removing stm32f10x_pwr.o(i.PWR_PVDCmd), (32 bytes).
    Removing stm32f10x_pwr.o(i.PWR_PVDLevelConfig), (68 bytes).
    Removing stm32f10x_pwr.o(i.PWR_WakeUpPinCmd), (32 bytes).
    Removing stm32f10x_rcc.o(i.RCC_ADCCLKConfig), (56 bytes).
    Removing stm32f10x_rcc.o(i.RCC_AHBPeriphClockCmd), (80 bytes).
    Removing stm32f10x_rcc.o(i.RCC_APB1PeriphClockCmd), (80 bytes).
    Removing stm32f10x_rcc.o(i.RCC_APB1PeriphResetCmd), (80 bytes).
    Removing stm32f10x_rcc.o(i.RCC_APB2PeriphClockCmd), (80 bytes).
    Removing stm32f10x_rcc.o(i.RCC_APB2PeriphResetCmd), (80 bytes).
    Removing stm32f10x_rcc.o(i.RCC_AdjustHSICalibrationValue), (44 bytes).
    Removing stm32f10x_rcc.o(i.RCC_BackupResetCmd), (32 bytes).
    Removing stm32f10x_rcc.o(i.RCC_ClearFlag), (20 bytes).
    Removing stm32f10x_rcc.o(i.RCC_ClearITPendingBit), (36 bytes).
    Removing stm32f10x_rcc.o(i.RCC_ClockSecuritySystemCmd), (32 bytes).
    Removing stm32f10x_rcc.o(i.RCC_DeInit), (76 bytes).
    Removing stm32f10x_rcc.o(i.RCC_GetClocksFreq), (212 bytes).
    Removing stm32f10x_rcc.o(i.RCC_GetFlagStatus), (124 bytes).
    Removing stm32f10x_rcc.o(i.RCC_GetITStatus), (64 bytes).
    Removing stm32f10x_rcc.o(i.RCC_GetSYSCLKSource), (16 bytes).
    Removing stm32f10x_rcc.o(i.RCC_HCLKConfig), (72 bytes).
    Removing stm32f10x_rcc.o(i.RCC_HSEConfig), (104 bytes).
    Removing stm32f10x_rcc.o(i.RCC_HSICmd), (32 bytes).
    Removing stm32f10x_rcc.o(i.RCC_ITConfig), (76 bytes).
    Removing stm32f10x_rcc.o(i.RCC_LSEConfig), (76 bytes).
    Removing stm32f10x_rcc.o(i.RCC_LSICmd), (32 bytes).
    Removing stm32f10x_rcc.o(i.RCC_MCOConfig), (44 bytes).
    Removing stm32f10x_rcc.o(i.RCC_PCLK1Config), (64 bytes).
    Removing stm32f10x_rcc.o(i.RCC_PCLK2Config), (64 bytes).
    Removing stm32f10x_rcc.o(i.RCC_PLLCmd), (32 bytes).
    Removing stm32f10x_rcc.o(i.RCC_PLLConfig), (156 bytes).
    Removing stm32f10x_rcc.o(i.RCC_RTCCLKCmd), (32 bytes).
    Removing stm32f10x_rcc.o(i.RCC_RTCCLKConfig), (52 bytes).
    Removing stm32f10x_rcc.o(i.RCC_SYSCLKConfig), (48 bytes).
    Removing stm32f10x_rcc.o(i.RCC_USBCLKConfig), (32 bytes).
    Removing stm32f10x_rcc.o(i.RCC_WaitForHSEStartUp), (56 bytes).
    Removing stm32f10x_rcc.o(.data), (20 bytes).
    Removing stm32f10x_rtc.o(i.RTC_ClearFlag), (44 bytes).
    Removing stm32f10x_rtc.o(i.RTC_ClearITPendingBit), (44 bytes).
    Removing stm32f10x_rtc.o(i.RTC_EnterConfigMode), (20 bytes).
    Removing stm32f10x_rtc.o(i.RTC_ExitConfigMode), (20 bytes).
    Removing stm32f10x_rtc.o(i.RTC_GetCounter), (44 bytes).
    Removing stm32f10x_rtc.o(i.RTC_GetDivider), (24 bytes).
    Removing stm32f10x_rtc.o(i.RTC_GetFlagStatus), (60 bytes).
    Removing stm32f10x_rtc.o(i.RTC_GetITStatus), (64 bytes).
    Removing stm32f10x_rtc.o(i.RTC_ITConfig), (76 bytes).
    Removing stm32f10x_rtc.o(i.RTC_SetAlarm), (28 bytes).
    Removing stm32f10x_rtc.o(i.RTC_SetCounter), (28 bytes).
    Removing stm32f10x_rtc.o(i.RTC_SetPrescaler), (48 bytes).
    Removing stm32f10x_rtc.o(i.RTC_WaitForLastTask), (20 bytes).
    Removing stm32f10x_rtc.o(i.RTC_WaitForSynchro), (36 bytes).
    Removing stm32f10x_sdio.o(i.SDIO_CEATAITCmd), (36 bytes).
    Removing stm32f10x_sdio.o(i.SDIO_ClearFlag), (40 bytes).
    Removing stm32f10x_sdio.o(i.SDIO_ClearITPendingBit), (40 bytes).
    Removing stm32f10x_sdio.o(i.SDIO_ClockCmd), (32 bytes).
    Removing stm32f10x_sdio.o(i.SDIO_CmdStructInit), (14 bytes).
    Removing stm32f10x_sdio.o(i.SDIO_CommandCompletionCmd), (32 bytes).
    Removing stm32f10x_sdio.o(i.SDIO_DMACmd), (32 bytes).
    Removing stm32f10x_sdio.o(i.SDIO_DataConfig), (236 bytes).
    Removing stm32f10x_sdio.o(i.SDIO_DataStructInit), (20 bytes).
    Removing stm32f10x_sdio.o(i.SDIO_DeInit), (36 bytes).
    Removing stm32f10x_sdio.o(i.SDIO_GetCommandResponse), (12 bytes).
    Removing stm32f10x_sdio.o(i.SDIO_GetDataCounter), (12 bytes).
    Removing stm32f10x_sdio.o(i.SDIO_GetFIFOCount), (12 bytes).
    Removing stm32f10x_sdio.o(i.SDIO_GetFlagStatus), (168 bytes).
    Removing stm32f10x_sdio.o(i.SDIO_GetITStatus), (168 bytes).
    Removing stm32f10x_sdio.o(i.SDIO_GetPowerState), (16 bytes).
    Removing stm32f10x_sdio.o(i.SDIO_GetResponse), (52 bytes).
    Removing stm32f10x_sdio.o(i.SDIO_ITConfig), (76 bytes).
    Removing stm32f10x_sdio.o(i.SDIO_Init), (180 bytes).
    Removing stm32f10x_sdio.o(i.SDIO_ReadData), (12 bytes).
    Removing stm32f10x_sdio.o(i.SDIO_SendCEATACmd), (32 bytes).
    Removing stm32f10x_sdio.o(i.SDIO_SendCommand), (148 bytes).
    Removing stm32f10x_sdio.o(i.SDIO_SendSDIOSuspendCmd), (32 bytes).
    Removing stm32f10x_sdio.o(i.SDIO_SetPowerState), (32 bytes).
    Removing stm32f10x_sdio.o(i.SDIO_SetSDIOOperation), (32 bytes).
    Removing stm32f10x_sdio.o(i.SDIO_SetSDIOReadWaitMode), (32 bytes).
    Removing stm32f10x_sdio.o(i.SDIO_StartSDIOReadWait), (32 bytes).
    Removing stm32f10x_sdio.o(i.SDIO_StopSDIOReadWait), (32 bytes).
    Removing stm32f10x_sdio.o(i.SDIO_StructInit), (16 bytes).
    Removing stm32f10x_sdio.o(i.SDIO_WriteData), (12 bytes).
    Removing stm32f10x_spi.o(i.I2S_Cmd), (80 bytes).
    Removing stm32f10x_spi.o(i.I2S_Init), (460 bytes).
    Removing stm32f10x_spi.o(i.I2S_StructInit), (20 bytes).
    Removing stm32f10x_spi.o(i.SPI_BiDirectionalLineConfig), (104 bytes).
    Removing stm32f10x_spi.o(i.SPI_CalculateCRC), (92 bytes).
    Removing stm32f10x_spi.o(i.SPI_Cmd), (92 bytes).
    Removing stm32f10x_spi.o(i.SPI_DataSizeConfig), (88 bytes).
    Removing stm32f10x_spi.o(i.SPI_GetCRC), (84 bytes).
    Removing stm32f10x_spi.o(i.SPI_GetCRCPolynomial), (52 bytes).
    Removing stm32f10x_spi.o(i.SPI_I2S_ClearFlag), (72 bytes).
    Removing stm32f10x_spi.o(i.SPI_I2S_ClearITPendingBit), (84 bytes).
    Removing stm32f10x_spi.o(i.SPI_I2S_DMACmd), (108 bytes).
    Removing stm32f10x_spi.o(i.SPI_I2S_DeInit), (120 bytes).
    Removing stm32f10x_spi.o(i.SPI_I2S_GetFlagStatus), (112 bytes).
    Removing stm32f10x_spi.o(i.SPI_I2S_GetITStatus), (148 bytes).
    Removing stm32f10x_spi.o(i.SPI_I2S_ITConfig), (132 bytes).
    Removing stm32f10x_spi.o(i.SPI_I2S_ReceiveData), (52 bytes).
    Removing stm32f10x_spi.o(i.SPI_I2S_SendData), (52 bytes).
    Removing stm32f10x_spi.o(i.SPI_Init), (360 bytes).
    Removing stm32f10x_spi.o(i.SPI_NSSInternalSoftwareConfig), (104 bytes).
    Removing stm32f10x_spi.o(i.SPI_SSOutputCmd), (92 bytes).
    Removing stm32f10x_spi.o(i.SPI_StructInit), (24 bytes).
    Removing stm32f10x_spi.o(i.SPI_TransmitCRC), (56 bytes).
    Removing stm32f10x_tim.o(i.TI1_Config), (128 bytes).
    Removing stm32f10x_tim.o(i.TI2_Config), (152 bytes).
    Removing stm32f10x_tim.o(i.TI3_Config), (144 bytes).
    Removing stm32f10x_tim.o(i.TI4_Config), (152 bytes).
    Removing stm32f10x_tim.o(i.TIM_ARRPreloadConfig), (228 bytes).
    Removing stm32f10x_tim.o(i.TIM_BDTRConfig), (260 bytes).
    Removing stm32f10x_tim.o(i.TIM_BDTRStructInit), (18 bytes).
    Removing stm32f10x_tim.o(i.TIM_CCPreloadControl), (128 bytes).
    Removing stm32f10x_tim.o(i.TIM_CCxCmd), (244 bytes).
    Removing stm32f10x_tim.o(i.TIM_CCxNCmd), (144 bytes).
    Removing stm32f10x_tim.o(i.TIM_ClearFlag), (212 bytes).
    Removing stm32f10x_tim.o(i.TIM_ClearITPendingBit), (212 bytes).
    Removing stm32f10x_tim.o(i.TIM_ClearOC1Ref), (108 bytes).
    Removing stm32f10x_tim.o(i.TIM_ClearOC2Ref), (116 bytes).
    Removing stm32f10x_tim.o(i.TIM_ClearOC3Ref), (108 bytes).
    Removing stm32f10x_tim.o(i.TIM_ClearOC4Ref), (116 bytes).
    Removing stm32f10x_tim.o(i.TIM_Cmd), (228 bytes).
    Removing stm32f10x_tim.o(i.TIM_CounterModeConfig), (120 bytes).
    Removing stm32f10x_tim.o(i.TIM_CtrlPWMOutputs), (116 bytes).
    Removing stm32f10x_tim.o(i.TIM_DMACmd), (184 bytes).
    Removing stm32f10x_tim.o(i.TIM_DMAConfig), (320 bytes).
    Removing stm32f10x_tim.o(i.TIM_DeInit), (604 bytes).
    Removing stm32f10x_tim.o(i.TIM_ETRClockMode1Config), (192 bytes).
    Removing stm32f10x_tim.o(i.TIM_ETRClockMode2Config), (172 bytes).
    Removing stm32f10x_tim.o(i.TIM_ETRConfig), (184 bytes).
    Removing stm32f10x_tim.o(i.TIM_EncoderInterfaceConfig), (236 bytes).
    Removing stm32f10x_tim.o(i.TIM_ForcedOC1Config), (200 bytes).
    Removing stm32f10x_tim.o(i.TIM_ForcedOC2Config), (148 bytes).
    Removing stm32f10x_tim.o(i.TIM_ForcedOC3Config), (112 bytes).
    Removing stm32f10x_tim.o(i.TIM_ForcedOC4Config), (120 bytes).
    Removing stm32f10x_tim.o(i.TIM_GenerateEvent), (208 bytes).
    Removing stm32f10x_tim.o(i.TIM_GetCapture1), (168 bytes).
    Removing stm32f10x_tim.o(i.TIM_GetCapture2), (108 bytes).
    Removing stm32f10x_tim.o(i.TIM_GetCapture3), (76 bytes).
    Removing stm32f10x_tim.o(i.TIM_GetCapture4), (80 bytes).
    Removing stm32f10x_tim.o(i.TIM_GetCounter), (188 bytes).
    Removing stm32f10x_tim.o(i.TIM_GetFlagStatus), (272 bytes).
    Removing stm32f10x_tim.o(i.TIM_GetITStatus), (268 bytes).
    Removing stm32f10x_tim.o(i.TIM_GetPrescaler), (188 bytes).
    Removing stm32f10x_tim.o(i.TIM_ICInit), (636 bytes).
    Removing stm32f10x_tim.o(i.TIM_ICStructInit), (18 bytes).
    Removing stm32f10x_tim.o(i.TIM_ITConfig), (244 bytes).
    Removing stm32f10x_tim.o(i.TIM_ITRxExternalClockConfig), (148 bytes).
    Removing stm32f10x_tim.o(i.TIM_InternalClockConfig), (116 bytes).
    Removing stm32f10x_tim.o(i.TIM_OC1FastConfig), (200 bytes).
    Removing stm32f10x_tim.o(i.TIM_OC1Init), (492 bytes).
    Removing stm32f10x_tim.o(i.TIM_OC1NPolarityConfig), (104 bytes).
    Removing stm32f10x_tim.o(i.TIM_OC1PolarityConfig), (200 bytes).
    Removing stm32f10x_tim.o(i.TIM_OC1PreloadConfig), (200 bytes).
    Removing stm32f10x_tim.o(i.TIM_OC2FastConfig), (148 bytes).
    Removing stm32f10x_tim.o(i.TIM_OC2Init), (456 bytes).
    Removing stm32f10x_tim.o(i.TIM_OC2NPolarityConfig), (80 bytes).
    Removing stm32f10x_tim.o(i.TIM_OC2PolarityConfig), (148 bytes).
    Removing stm32f10x_tim.o(i.TIM_OC2PreloadConfig), (148 bytes).
    Removing stm32f10x_tim.o(i.TIM_OC3FastConfig), (108 bytes).
    Removing stm32f10x_tim.o(i.TIM_OC3Init), (420 bytes).
    Removing stm32f10x_tim.o(i.TIM_OC3NPolarityConfig), (80 bytes).
    Removing stm32f10x_tim.o(i.TIM_OC3PolarityConfig), (116 bytes).
    Removing stm32f10x_tim.o(i.TIM_OC3PreloadConfig), (108 bytes).
    Removing stm32f10x_tim.o(i.TIM_OC4FastConfig), (116 bytes).
    Removing stm32f10x_tim.o(i.TIM_OC4Init), (312 bytes).
    Removing stm32f10x_tim.o(i.TIM_OC4PolarityConfig), (116 bytes).
    Removing stm32f10x_tim.o(i.TIM_OC4PreloadConfig), (116 bytes).
    Removing stm32f10x_tim.o(i.TIM_OCStructInit), (20 bytes).
    Removing stm32f10x_tim.o(i.TIM_PWMIConfig), (224 bytes).
    Removing stm32f10x_tim.o(i.TIM_PrescalerConfig), (212 bytes).
    Removing stm32f10x_tim.o(i.TIM_SelectCCDMA), (148 bytes).
    Removing stm32f10x_tim.o(i.TIM_SelectCOM), (112 bytes).
    Removing stm32f10x_tim.o(i.TIM_SelectHallSensor), (148 bytes).
    Removing stm32f10x_tim.o(i.TIM_SelectInputTrigger), (164 bytes).
    Removing stm32f10x_tim.o(i.TIM_SelectMasterSlaveMode), (140 bytes).
    Removing stm32f10x_tim.o(i.TIM_SelectOCxM), (320 bytes).
    Removing stm32f10x_tim.o(i.TIM_SelectOnePulseMode), (220 bytes).
    Removing stm32f10x_tim.o(i.TIM_SelectOutputTrigger), (184 bytes).
    Removing stm32f10x_tim.o(i.TIM_SelectSlaveMode), (152 bytes).
    Removing stm32f10x_tim.o(i.TIM_SetAutoreload), (188 bytes).
    Removing stm32f10x_tim.o(i.TIM_SetClockDivision), (208 bytes).
    Removing stm32f10x_tim.o(i.TIM_SetCompare1), (168 bytes).
    Removing stm32f10x_tim.o(i.TIM_SetCompare2), (108 bytes).
    Removing stm32f10x_tim.o(i.TIM_SetCompare3), (80 bytes).
    Removing stm32f10x_tim.o(i.TIM_SetCompare4), (80 bytes).
    Removing stm32f10x_tim.o(i.TIM_SetCounter), (188 bytes).
    Removing stm32f10x_tim.o(i.TIM_SetIC1Prescaler), (208 bytes).
    Removing stm32f10x_tim.o(i.TIM_SetIC2Prescaler), (156 bytes).
    Removing stm32f10x_tim.o(i.TIM_SetIC3Prescaler), (120 bytes).
    Removing stm32f10x_tim.o(i.TIM_SetIC4Prescaler), (128 bytes).
    Removing stm32f10x_tim.o(i.TIM_TIxExternalClockConfig), (220 bytes).
    Removing stm32f10x_tim.o(i.TIM_TimeBaseInit), (380 bytes).
    Removing stm32f10x_tim.o(i.TIM_TimeBaseStructInit), (18 bytes).
    Removing stm32f10x_tim.o(i.TIM_UpdateDisableConfig), (228 bytes).
    Removing stm32f10x_tim.o(i.TIM_UpdateRequestConfig), (228 bytes).
    Removing stm32f10x_usart.o(i.USART_ClearFlag), (136 bytes).
    Removing stm32f10x_usart.o(i.USART_ClearITPendingBit), (172 bytes).
    Removing stm32f10x_usart.o(i.USART_ClockInit), (176 bytes).
    Removing stm32f10x_usart.o(i.USART_ClockStructInit), (12 bytes).
    Removing stm32f10x_usart.o(i.USART_Cmd), (112 bytes).
    Removing stm32f10x_usart.o(i.USART_DMACmd), (128 bytes).
    Removing stm32f10x_usart.o(i.USART_DeInit), (196 bytes).
    Removing stm32f10x_usart.o(i.USART_GetFlagStatus), (180 bytes).
    Removing stm32f10x_usart.o(i.USART_GetITStatus), (288 bytes).
    Removing stm32f10x_usart.o(i.USART_HalfDuplexCmd), (112 bytes).
    Removing stm32f10x_usart.o(i.USART_ITConfig), (268 bytes).
    Removing stm32f10x_usart.o(i.USART_Init), (492 bytes).
    Removing stm32f10x_usart.o(i.USART_IrDACmd), (112 bytes).
    Removing stm32f10x_usart.o(i.USART_IrDAConfig), (104 bytes).
    Removing stm32f10x_usart.o(i.USART_LINBreakDetectLengthConfig), (104 bytes).
    Removing stm32f10x_usart.o(i.USART_LINCmd), (112 bytes).
    Removing stm32f10x_usart.o(i.USART_OneBitMethodCmd), (112 bytes).
    Removing stm32f10x_usart.o(i.USART_OverSampling8Cmd), (108 bytes).
    Removing stm32f10x_usart.o(i.USART_ReceiveData), (76 bytes).
    Removing stm32f10x_usart.o(i.USART_ReceiverWakeUpCmd), (112 bytes).
    Removing stm32f10x_usart.o(i.USART_SendBreak), (76 bytes).
    Removing stm32f10x_usart.o(i.USART_SendData), (96 bytes).
    Removing stm32f10x_usart.o(i.USART_SetAddress), (104 bytes).
    Removing stm32f10x_usart.o(i.USART_SetGuardTime), (64 bytes).
    Removing stm32f10x_usart.o(i.USART_SetPrescaler), (84 bytes).
    Removing stm32f10x_usart.o(i.USART_SmartCardCmd), (92 bytes).
    Removing stm32f10x_usart.o(i.USART_SmartCardNACKCmd), (92 bytes).
    Removing stm32f10x_usart.o(i.USART_StructInit), (24 bytes).
    Removing stm32f10x_usart.o(i.USART_WakeUpConfig), (108 bytes).
    Removing stm32f10x_wwdg.o(i.WWDG_ClearFlag), (12 bytes).
    Removing stm32f10x_wwdg.o(i.WWDG_DeInit), (22 bytes).
    Removing stm32f10x_wwdg.o(i.WWDG_Enable), (40 bytes).
    Removing stm32f10x_wwdg.o(i.WWDG_EnableIT), (12 bytes).
    Removing stm32f10x_wwdg.o(i.WWDG_GetFlagStatus), (12 bytes).
    Removing stm32f10x_wwdg.o(i.WWDG_SetCounter), (40 bytes).
    Removing stm32f10x_wwdg.o(i.WWDG_SetPrescaler), (56 bytes).
    Removing stm32f10x_wwdg.o(i.WWDG_SetWindowValue), (56 bytes).
    Removing system_stm32f10x.o(i.SystemCoreClockUpdate), (164 bytes).
    Removing system_stm32f10x.o(.data), (20 bytes).

476 unused section(s) (total 54784 bytes) removed from the image.
